p12_low_r01 GPLVM Converged 0.8021255531388286 3.47 seconds
p12_high_r01 GPLVM Converged 0.7741258531463288 0.86 seconds
p12_low_r01 BayesianGPLVM Converged 0.8331463286582166 5.58 seconds
p12_high_r01 BayesianGPLVM Converged 0.8270096752418811 1.43 seconds
p12_low_r02 GPLVM Converged 0.9989034725868149 0.64 seconds
p12_high_r02 GPLVM Converged 0.8409150228755721 1.11 seconds
p12_low_r02 BayesianGPLVM Converged 0.9988854721368036 2.97 seconds
p12_high_r02 BayesianGPLVM Converged 0.8619845496137404 1.78 seconds
p12_low_r03 GPLVM Converged 0.7873531838295958 1.69 seconds
p12_high_r03 GPLVM Converged 0.26204755118877976 2.88 seconds
p12_low_r03 BayesianGPLVM Converged 0.613494337358434 5.43 seconds
p12_high_r03 BayesianGPLVM Converged 0.27267681692042306 1.76 seconds
p12_low_r04 GPLVM Converged 0.996954923873097 0.78 seconds
p12_high_r04 GPLVM Converged 0.7485097127428187 1.24 seconds
p12_low_r04 BayesianGPLVM Converged 0.9971979299482489 2.53 seconds
p12_high_r04 BayesianGPLVM Converged 0.7965814145353635 2.57 seconds
p12_low_r05 GPLVM Converged 0.890060751518788 2.64 seconds
p12_high_r05 GPLVM Converged 0.8115712892822322 1.56 seconds
p12_high_r05 BayesianGPLVM Converged 0.8256251406285158 2.32 seconds
p12_low_r05 BayesianGPLVM Converged 0.9184744618615466 8.84 seconds
p12_low_r06 GPLVM Converged 0.7213620340508513 4.64 seconds
p12_high_r06 GPLVM Converged 0.6244251106277658 1.81 seconds
p12_high_r06 BayesianGPLVM Converged 0.6744948623715594 2.06 seconds
p12_low_r07 GPLVM Converged 0.897073426835671 2.58 seconds
p12_low_r07 BayesianGPLVM Converged 0.9032130803270083 6.99 seconds
p12_high_r07 GPLVM Converged 0.8415210380259508 1.58 seconds
p12_low_r06 BayesianGPLVM Converged 0.7222530563264082 17.09 seconds
p12_high_r07 BayesianGPLVM Converged 0.8598994974874373 2.9 seconds
p12_low_r08 GPLVM Converged 0.6868176704417612 2.35 seconds
p12_high_r08 GPLVM Converged 0.63851196279907 2.46 seconds
p12_high_r08 BayesianGPLVM Converged 0.5940973524338109 1.95 seconds
p12_low_r08 BayesianGPLVM Converged 0.7238775969399235 7.4 seconds
p12_low_r09 GPLVM Converged 0.8001410035250882 2.74 seconds
p12_high_r09 GPLVM Converged 0.4180619515487888 2.19 seconds
p12_high_r09 BayesianGPLVM Converged 0.43248331208280216 2.66 seconds
p12_low_r10 GPLVM Converged 0.6451256281407036 1.37 seconds
p12_low_r09 BayesianGPLVM Converged 0.7532453311332784 9.07 seconds
p12_high_r10 GPLVM Converged 0.3459596489912248 1.55 seconds
p12_high_r10 BayesianGPLVM Converged 0.5054676366909173 1.94 seconds
p12_low_r10 BayesianGPLVM Converged 0.4045496137403436 6.04 seconds
p12_low_r11 GPLVM Converged 0.8517647941198531 1.87 seconds
p12_high_r11 GPLVM Converged 0.7087932198304959 1.16 seconds
p12_high_r11 BayesianGPLVM Converged 0.7258516462911574 2.53 seconds
p12_low_r12 GPLVM Converged 0.994673366834171 0.52 seconds
p12_low_r11 BayesianGPLVM Converged 0.7470096752418811 6.93 seconds
p12_low_r12 BayesianGPLVM Converged 0.9946793669841747 2.74 seconds
p12_high_r12 GPLVM Converged 0.6052396309907749 2.0 seconds
p12_low_r13 GPLVM Converged 0.9992844821120529 0.61 seconds
p12_high_r12 BayesianGPLVM Converged 0.6382779569489238 1.66 seconds
p12_high_r13 GPLVM Converged 0.0347228680717018 1.96 seconds
p12_low_r13 BayesianGPLVM Converged 0.9992634815870398 2.91 seconds
p12_low_r14 GPLVM Converged 0.9686462161554041 1.16 seconds
p12_high_r13 BayesianGPLVM Converged 0.02445961149028726 2.47 seconds
p12_high_r14 GPLVM Converged 0.8228935723393087 2.6 seconds
p12_low_r14 BayesianGPLVM Converged 0.9680792019800496 4.22 seconds
p12_high_r14 BayesianGPLVM Converged 0.8423190579764495 1.79 seconds
p12_low_r15 GPLVM Converged 0.8160264006600166 3.46 seconds
p12_high_r15 GPLVM Converged 0.5809960249006225 1.23 seconds
p12_high_r15 BayesianGPLVM Converged 0.5657376434410861 1.88 seconds
p12_low_r16 GPLVM Converged 0.8116477911947799 2.01 seconds
p12_low_r15 BayesianGPLVM Converged 0.7904822620565515 17.65 seconds
p12_low_r16 BayesianGPLVM Converged 0.8205055126378161 11.35 seconds
p12_high_r16 GPLVM Converged 0.0814745368634216 1.92 seconds
p12_low_r17 GPLVM Converged 0.999357983949599 0.72 seconds
p12_high_r16 BayesianGPLVM Converged 0.02177454436360909 2.3 seconds
p12_high_r17 GPLVM Converged 0.3778504462611566 1.39 seconds
p12_low_r17 BayesianGPLVM Converged 0.999357983949599 2.86 seconds
p12_high_r17 BayesianGPLVM Converged 0.4018705467636691 1.97 seconds
p12_low_r18 GPLVM Converged 0.9442316057901448 4.5 seconds
p12_low_r18 BayesianGPLVM Converged 0.983676591914798 3.7 seconds
p12_high_r18 BayesianGPLVM Converged 0.5143553588839722 1.56 seconds
p12_high_r18 GPLVM Converged 0.6045976149403736 2.56 seconds
p12_low_r19 BayesianGPLVM Converged 0.9249606240156004 2.61 seconds
p12_low_r19 GPLVM Converged 0.9349868746718669 3.49 seconds
p12_high_r19 GPLVM Converged 0.6310792769819247 1.74 seconds
p12_low_r20 GPLVM Converged 0.9991509787744696 0.72 seconds
p12_high_r19 BayesianGPLVM Converged 0.5209315232880822 2.65 seconds
p12_high_r20 GPLVM Converged 0.8188779719492989 1.33 seconds
p12_low_r20 BayesianGPLVM Converged 0.9991449786244658 2.18 seconds
p12_high_r20 BayesianGPLVM Converged 0.8310282757068927 1.9 seconds
p12_low_r21 GPLVM Converged 0.9553243831095779 1.66 seconds
p12_high_r21 GPLVM Converged 0.7956468911722794 1.69 seconds
p12_high_r21 BayesianGPLVM Converged 0.8160429010725269 1.53 seconds
p12_low_r21 BayesianGPLVM Converged 0.9109487737193431 3.47 seconds
p12_low_r22 GPLVM Converged 0.777649441236031 3.33 seconds
p12_high_r22 GPLVM Converged 0.7956288907222682 1.84 seconds
p12_high_r22 BayesianGPLVM Converged 0.7587489687242183 2.17 seconds
p12_low_r23 GPLVM Converged 0.8900562514062852 1.7 seconds
p12_low_r22 BayesianGPLVM Converged 0.7751278781969551 14.65 seconds
p12_high_r23 GPLVM Converged 0.5797179929498238 1.33 seconds
p12_high_r23 BayesianGPLVM Converged 0.512004800120003 2.3 seconds
p12_low_r23 BayesianGPLVM Converged 0.9122388059701494 9.73 seconds
p12_low_r24 GPLVM Converged 0.9991284782119555 0.98 seconds
p12_high_r24 GPLVM Converged 0.8862551563789096 1.35 seconds
p12_low_r24 BayesianGPLVM Converged 0.9991749793744845 2.93 seconds
p12_high_r24 BayesianGPLVM Converged 0.8972579314482863 1.51 seconds
p12_low_r25 GPLVM Converged 0.9988134703367585 0.84 seconds
p12_high_r25 GPLVM Converged 0.21049876246906177 1.66 seconds
p12_low_r25 BayesianGPLVM Converged 0.9987804695117379 3.46 seconds
p12_high_r25 BayesianGPLVM Converged 0.24073501837545944 2.59 seconds
p12_low_r26 GPLVM Converged 0.6652351308782721 2.71 seconds
p12_high_r26 GPLVM Converged 0.4368859221480538 1.56 seconds
p12_low_r26 BayesianGPLVM Converged 0.6261516537913449 3.33 seconds
p12_high_r26 BayesianGPLVM Converged 0.37867546688667225 1.99 seconds
p12_low_r27 GPLVM Converged 0.5943043576089403 3.33 seconds
p12_high_r27 GPLVM Converged 0.4865176629415736 1.04 seconds
p12_high_r27 BayesianGPLVM Converged 0.4353378834470863 2.01 seconds
p12_low_r28 GPLVM Converged 0.9980529513237834 1.95 seconds
p12_low_r28 BayesianGPLVM ErrorABNORMAL_TERMINATION_IN_LNSRCH 0.9990669766744169 3.88 seconds
p12_high_r28 GPLVM Converged 0.21179779494487364 2.31 seconds
p12_high_r28 BayesianGPLVM Converged 0.20814070351758795 3.21 seconds
p12_low_r29 GPLVM Converged 0.9994134853371336 0.75 seconds
p12_low_r29 BayesianGPLVM Converged 0.9994239855996402 2.88 seconds
p12_high_r29 GPLVM Converged 0.5144603615090378 2.01 seconds
p12_low_r27 BayesianGPLVM Converged 0.6221795544888623 21.91 seconds
p12_low_r30 GPLVM Converged 0.9219905497637442 1.76 seconds
p12_high_r29 BayesianGPLVM Converged 0.5002625065626641 2.06 seconds
p12_high_r30 GPLVM Converged 0.29669691742293564 2.17 seconds
p12_high_r30 BayesianGPLVM Converged 0.3364914122853072 1.43 seconds
p50_low_r01 GPLVM Converged 0.9997794944873623 0.59 seconds
p12_low_r30 BayesianGPLVM Converged 0.892727818195455 5.19 seconds
p50_high_r01 GPLVM Converged 0.9277881947048677 0.83 seconds
p50_high_r01 BayesianGPLVM Converged 0.935178879471987 1.3 seconds
p50_low_r01 BayesianGPLVM Converged 0.9997809945248634 3.65 seconds
p50_low_r02 GPLVM Converged 0.9428665716642918 1.08 seconds
p50_high_r02 GPLVM Converged 0.7603735093377335 0.83 seconds
p50_high_r02 BayesianGPLVM Converged 0.8839705992649818 2.07 seconds
p50_low_r02 BayesianGPLVM Converged 0.9733593339833497 5.87 seconds
p50_low_r03 GPLVM Converged 0.8802835070876773 2.8 seconds
p50_high_r03 GPLVM Converged 0.715009375234381 0.89 seconds
p50_high_r03 BayesianGPLVM Converged 0.645644641116028 2.15 seconds
p50_low_r04 GPLVM Converged 0.9995994899872498 0.75 seconds
p50_low_r04 BayesianGPLVM Converged 0.9995979899497489 2.13 seconds
p50_high_r04 GPLVM Converged 0.9192994824870623 0.42 seconds
p50_high_r04 BayesianGPLVM Converged 0.9964209105227633 1.48 seconds
p50_low_r05 GPLVM Converged 0.9455591389784745 1.62 seconds
p50_low_r03 BayesianGPLVM Converged 0.9037215930398261 11.69 seconds
p50_high_r05 GPLVM Converged 0.917554938873472 0.84 seconds
p50_high_r05 BayesianGPLVM Converged 0.9648961224030601 1.51 seconds
p50_low_r05 BayesianGPLVM Converged 0.9953258831470788 4.92 seconds
p50_low_r06 GPLVM Converged 0.9997749943748595 0.75 seconds
p50_high_r06 GPLVM Converged 0.6428395709892749 0.39 seconds
p50_high_r06 BayesianGPLVM Converged 0.610686267156679 2.35 seconds
p50_low_r07 GPLVM Converged 0.9996729918247956 0.55 seconds
p50_low_r06 BayesianGPLVM Converged 0.9997749943748595 4.14 seconds
p50_high_r07 GPLVM Converged 0.7701987549688744 1.17 seconds
p50_low_r07 BayesianGPLVM Converged 0.9996789919747995 3.66 seconds
p50_high_r07 BayesianGPLVM Converged 0.6910882772069302 2.13 seconds
p50_low_r08 GPLVM Converged 0.9997314932873324 0.78 seconds
p50_high_r08 GPLVM Converged 0.8800345008625217 0.45 seconds
p50_high_r08 BayesianGPLVM Converged 0.9048706217655443 2.15 seconds
p50_low_r09 GPLVM Converged 0.9997734943373585 0.5 seconds
p50_low_r08 BayesianGPLVM ErrorABNORMAL_TERMINATION_IN_LNSRCH 0.9997359933998351 4.49 seconds
p50_high_r09 GPLVM Converged 0.9975879396984926 0.31 seconds
p50_high_r09 BayesianGPLVM Converged 0.9975654391359785 2.07 seconds
p50_low_r09 BayesianGPLVM Converged 0.9997704942623566 4.22 seconds
p50_low_r10 GPLVM Converged 0.9042946073651842 2.47 seconds
p50_high_r10 GPLVM Converged 0.7747768694217356 0.46 seconds
p50_high_r10 BayesianGPLVM Converged 0.8769024225605642 2.14 seconds
p50_low_r11 GPLVM Converged 0.9998289957248934 0.63 seconds
p50_low_r11 BayesianGPLVM Converged 0.9998199954998876 3.57 seconds
p50_low_r10 BayesianGPLVM Converged 0.9533443336083403 8.97 seconds
p50_high_r11 GPLVM Converged 0.8477236930923273 1.3 seconds
p50_low_r12 GPLVM Converged 0.9997584939623492 0.83 seconds
p50_high_r11 BayesianGPLVM Converged 0.8677506937673443 1.95 seconds
p50_high_r12 GPLVM Converged 0.8995409885247131 0.67 seconds
p50_high_r12 BayesianGPLVM Converged 0.9325328133203332 2.06 seconds
p50_low_r13 GPLVM Converged 0.9997644941123529 0.57 seconds
p50_low_r12 BayesianGPLVM Converged 0.9997014925373136 4.09 seconds
p50_high_r13 GPLVM Converged 0.6730878271956799 0.98 seconds
p50_high_r13 BayesianGPLVM Converged 0.6113732843321084 1.86 seconds
p50_low_r13 BayesianGPLVM Converged 0.9997644941123529 3.77 seconds
p50_low_r14 GPLVM Converged 0.9997599939998502 0.71 seconds
p50_high_r14 GPLVM Converged 0.9129258231455788 0.59 seconds
p50_low_r14 BayesianGPLVM Converged 0.9997629940748521 2.76 seconds
p50_high_r14 BayesianGPLVM Converged 0.8795034875871899 1.99 seconds
p50_low_r15 GPLVM Converged 0.9998199954998876 0.69 seconds
p50_high_r15 GPLVM Converged 0.7708242706067653 0.87 seconds
p50_low_r15 BayesianGPLVM Converged 0.9998199954998876 3.23 seconds
p50_high_r15 BayesianGPLVM Converged 0.7402220055501388 2.33 seconds
p50_low_r16 GPLVM Converged 0.9683912097802446 2.9 seconds
p50_high_r16 GPLVM Converged 0.9614580364509114 0.59 seconds
p50_high_r16 BayesianGPLVM Converged 0.9426610665266633 2.44 seconds
p50_low_r17 GPLVM Converged 0.9997464936623418 0.88 seconds
p50_low_r17 BayesianGPLVM Converged 0.9997464936623418 3.55 seconds
p50_high_r17 GPLVM Converged 0.8647236180904524 0.55 seconds
p50_high_r17 BayesianGPLVM Converged 0.7235700892522313 2.2 seconds
p50_low_r18 GPLVM Converged 0.9997344933623342 0.73 seconds
p50_low_r18 BayesianGPLVM Converged 0.9997374934373362 3.64 seconds
p50_high_r18 GPLVM Converged 0.9977754443861098 0.33 seconds
p50_low_r16 BayesianGPLVM Converged 0.9743658591464788 18.43 seconds
p50_high_r18 BayesianGPLVM Converged 0.9978279456986426 1.46 seconds
p50_low_r19 GPLVM Converged 0.9923693092327309 1.04 seconds
p50_high_r19 GPLVM Converged 0.7130803270081753 0.91 seconds
p50_high_r19 BayesianGPLVM Converged 0.7037965949148729 2.8 seconds
p50_low_r19 BayesianGPLVM ErrorABNORMAL_TERMINATION_IN_LNSRCH 0.9998079951998801 4.76 seconds
p50_low_r20 GPLVM Converged 0.9996519912997827 0.53 seconds
p50_high_r20 GPLVM Converged 0.7581084527113179 0.69 seconds
p50_low_r20 BayesianGPLVM Converged 0.9996519912997827 2.81 seconds
p50_high_r20 BayesianGPLVM Converged 0.6923768094202356 2.27 seconds
p50_low_r21 GPLVM Converged 0.7826160654016352 2.32 seconds
p50_high_r21 GPLVM Converged 0.8023250581264532 0.87 seconds
p50_high_r21 BayesianGPLVM Converged 0.8466721668041703 2.1 seconds
p50_low_r22 GPLVM Converged 0.9998394959873997 0.51 seconds
p50_low_r22 BayesianGPLVM Converged 0.9998394959873997 3.15 seconds
p50_high_r22 GPLVM Converged 0.9976509412735319 0.3 seconds
p50_high_r22 BayesianGPLVM Converged 0.9976959423985601 1.68 seconds
p50_low_r23 GPLVM Converged 0.9731148278706969 1.06 seconds
p50_low_r21 BayesianGPLVM Converged 0.7769429235730894 16.37 seconds
p50_high_r23 GPLVM Converged 0.85668791719793 0.44 seconds
p50_high_r23 BayesianGPLVM Converged 0.8424060601515039 1.96 seconds
p50_low_r24 GPLVM Converged 0.9998259956498913 0.83 seconds
p50_low_r23 BayesianGPLVM Converged 0.9608025200630017 10.58 seconds
p50_high_r24 GPLVM Converged 0.937671941798545 0.56 seconds
p50_low_r24 BayesianGPLVM Converged 0.9998259956498913 4.3 seconds
p50_high_r24 BayesianGPLVM Converged 0.9708992724818123 1.47 seconds
p50_low_r25 GPLVM Converged 0.999761494037351 0.63 seconds
p50_high_r25 GPLVM Converged 0.6751923798094954 0.99 seconds
p50_high_r25 BayesianGPLVM Converged 0.5961794044851122 2.34 seconds
p50_low_r26 GPLVM Converged 0.9998169954248857 0.8 seconds
p50_low_r25 BayesianGPLVM Converged 0.9997644941123529 4.97 seconds
p50_high_r26 GPLVM Converged 0.8448316207905199 0.87 seconds
p50_high_r26 BayesianGPLVM Converged 0.9117512937823447 1.73 seconds
p50_low_r27 GPLVM Converged 0.999713492837321 0.83 seconds
p50_low_r26 BayesianGPLVM Converged 0.9998169954248857 4.41 seconds
p50_high_r27 GPLVM Converged 0.8135873396834922 1.04 seconds
p50_low_r27 BayesianGPLVM ErrorABNORMAL_TERMINATION_IN_LNSRCH 0.999713492837321 3.97 seconds
p50_high_r27 BayesianGPLVM Converged 0.7760684017100429 3.16 seconds
p50_low_r28 GPLVM Converged 0.9996729918247956 0.66 seconds
p50_high_r28 GPLVM Converged 0.884134103352584 0.64 seconds
p50_high_r28 BayesianGPLVM Converged 0.7858966474161855 1.94 seconds
p50_low_r29 GPLVM Converged 0.9127173179329484 2.17 seconds
p50_low_r28 BayesianGPLVM ErrorABNORMAL_TERMINATION_IN_LNSRCH 0.9996729918247956 4.92 seconds
p50_high_r29 GPLVM Converged 0.8215510387759696 0.89 seconds
p50_high_r29 BayesianGPLVM Converged 0.8154338858471462 3.01 seconds
p50_low_r30 GPLVM Converged 0.9997779944498614 0.73 seconds
p50_low_r30 BayesianGPLVM Converged 0.9997779944498614 5.6 seconds
p50_low_r29 BayesianGPLVM Converged 0.9916912922823072 10.85 seconds
p50_high_r30 GPLVM Converged 0.7694592364809121 0.67 seconds
p50_high_r30 BayesianGPLVM Converged 0.7565934148353709 1.67 seconds
