bash: warning: setlocale: LC_ALL: cannot change locale (C.UTF-8)
p12_low_r16 MPCurve converged 0.8104829 0.414 seconds
p12_low_r16 PCurve iteration limit 0.9375175 13.89 seconds
p12_high_r16 MPCurve converged 0.02063902 0.467 seconds
p12_high_r16 PCurve iteration limit 0.1375166 13.539 seconds
p12_low_r17 MPCurve converged 0.9993336 0.326 seconds
p12_low_r17 PCurve converged 0.998537 0.367 seconds
p12_high_r17 MPCurve converged 0.4080222 0.403 seconds
p12_high_r17 PCurve iteration limit 0.4536261 13.591 seconds
p12_low_r18 MPCurve converged 0.8797627 0.159 seconds
p12_low_r18 PCurve converged 0.999062 1.312 seconds
p12_high_r18 MPCurve converged 0.620537 0.639 seconds
p12_high_r18 PCurve converged 0.5090337 0.3 seconds
p12_low_r19 MPCurve converged 0.9328637 0.112 seconds
p12_low_r19 PCurve iteration limit 0.9263662 13.979 seconds
p12_high_r19 MPCurve converged 0.6256086 0.255 seconds
p12_high_r19 PCurve converged 0.1428011 0.769 seconds
p12_low_r20 MPCurve converged 0.9988945 0.305 seconds
p12_low_r20 PCurve converged 0.9985465 0.327 seconds
p12_high_r20 MPCurve converged 0.8411505 0.457 seconds
p12_high_r20 PCurve converged 0.8366156 0.552 seconds
p12_low_r21 MPCurve converged 0.808392 0.072 seconds
p12_low_r21 PCurve converged 0.9763561 0.644 seconds
p12_high_r21 MPCurve converged 0.8077687 0.427 seconds
p12_high_r21 PCurve converged 0.7632233 0.718 seconds
p12_low_r22 MPCurve converged 0.7939338 0.107 seconds
p12_low_r22 PCurve converged 0.2602427 2.004 seconds
p12_high_r22 MPCurve converged 0.8316403 0.721 seconds
p12_high_r22 PCurve converged 0.7820024 0.683 seconds
p12_low_r23 MPCurve converged 0.88247 0.13 seconds
p12_low_r23 PCurve converged 0.9893762 0.292 seconds
p12_high_r23 MPCurve converged 0.6649126 0.531 seconds
p12_high_r23 PCurve converged 0.5579092 0.659 seconds
p12_low_r24 MPCurve converged 0.9990745 0.46 seconds
p12_low_r24 PCurve converged 0.9981408 0.596 seconds
p12_high_r24 MPCurve converged 0.9433001 0.284 seconds
p12_high_r24 PCurve converged 0.8850787 0.457 seconds
p12_low_r25 MPCurve converged 0.9987175 0.189 seconds
p12_low_r25 PCurve converged 0.9879508 0.729 seconds
p12_high_r25 MPCurve converged 0.221389 0.493 seconds
p12_high_r25 PCurve converged 0.2412122 0.254 seconds
p12_low_r26 MPCurve converged 0.6483524 0.113 seconds
p12_low_r26 PCurve converged 0.1851044 1.35 seconds
p12_high_r26 MPCurve converged 0.4452186 0.782 seconds
p12_high_r26 PCurve converged 0.4322823 1.158 seconds
p12_low_r27 MPCurve converged 0.6034914 0.184 seconds
p12_low_r27 PCurve iteration limit 0.7368142 13.289 seconds
p12_high_r27 MPCurve converged 0.5771109 0.221 seconds
p12_high_r27 PCurve converged 0.4776186 0.984 seconds
p12_low_r28 MPCurve converged 0.9826543 0.116 seconds
p12_low_r28 PCurve iteration limit 0.765438 14.175 seconds
p12_high_r28 MPCurve converged 0.1190985 0.738 seconds
p12_high_r28 PCurve converged 0.06884388 1.192 seconds
p12_low_r29 MPCurve converged 0.9993475 0.328 seconds
p12_low_r29 PCurve converged 0.998912 0.654 seconds
p12_high_r29 MPCurve converged 0.5869692 0.239 seconds
p12_high_r29 PCurve converged 0.4677288 0.352 seconds
p12_low_r30 MPCurve converged 0.8209638 0.155 seconds
p12_low_r30 PCurve converged 0.9991514 0.928 seconds
p12_high_r30 MPCurve converged 0.3923828 0.547 seconds
p12_high_r30 PCurve converged 0.919934 0.751 seconds
p50_low_r16 MPCurve converged 0.9768915 0.428 seconds
p50_low_r16 PCurve converged 0.999225 1.493 seconds
p50_high_r16 MPCurve converged 0.9276441 0.871 seconds
p50_high_r16 PCurve converged 0.9869782 3.987 seconds
p50_low_r17 MPCurve converged 0.9997559 0.335 seconds
p50_low_r17 PCurve converged 0.9996482 2.203 seconds
p50_high_r17 MPCurve converged 0.8695897 0.936 seconds
p50_high_r17 PCurve converged 0.9962196 4.572 seconds
p50_low_r18 MPCurve converged 0.9997506 1.143 seconds
p50_low_r18 PCurve converged 0.9997221 1.423 seconds
p50_high_r18 MPCurve converged 0.9977799 1.023 seconds
p50_high_r18 PCurve converged 0.99767 2.095 seconds
p50_low_r19 MPCurve converged 0.9864122 0.473 seconds
p50_low_r19 PCurve converged 0.9997484 2.717 seconds
p50_high_r19 MPCurve converged 0.7337223 1.078 seconds
p50_high_r19 PCurve converged 0.6393056 4.562 seconds
p50_low_r20 MPCurve converged 0.9996527 0.528 seconds
p50_low_r20 PCurve converged 0.9995173 1.909 seconds
p50_high_r20 MPCurve converged 0.7417385 1.218 seconds
p50_high_r20 PCurve converged 0.5046318 1.905 seconds
p50_low_r21 MPCurve converged 0.7897771 0.274 seconds
p50_low_r21 PCurve converged 0.9289961 2.139 seconds
p50_high_r21 MPCurve converged 0.7922688 1.492 seconds
p50_high_r21 PCurve converged 0.9265821 4.073 seconds
p50_low_r22 MPCurve converged 0.9998447 0.413 seconds
p50_low_r22 PCurve converged 0.9997532 1.847 seconds
p50_high_r22 MPCurve converged 0.9975699 1.476 seconds
p50_high_r22 PCurve converged 0.9970471 1.444 seconds
p50_low_r23 MPCurve converged 0.9627372 0.392 seconds
p50_low_r23 PCurve converged 0.9994656 3.91 seconds
p50_high_r23 MPCurve converged 0.8726813 1.615 seconds
p50_high_r23 PCurve iteration limit 0.830435 53.723 seconds
p50_low_r24 MPCurve converged 0.9998166 0.407 seconds
p50_low_r24 PCurve converged 0.9997664 1.161 seconds
p50_high_r24 MPCurve converged 0.86066 0.853 seconds
p50_high_r24 PCurve converged 0.9975094 2.73 seconds
p50_low_r25 MPCurve converged 0.9954042 0.547 seconds
p50_low_r25 PCurve converged 0.9996557 4.528 seconds
p50_high_r25 MPCurve converged 0.678695 1.537 seconds
p50_high_r25 PCurve converged 0.6354541 2.552 seconds
p50_low_r26 MPCurve converged 0.9997986 0.323 seconds
p50_low_r26 PCurve converged 0.9997255 3.563 seconds
p50_high_r26 MPCurve converged 0.8346639 1.886 seconds
p50_high_r26 PCurve converged 0.7494532 2.151 seconds
p50_low_r27 MPCurve converged 0.9996925 0.309 seconds
p50_low_r27 PCurve converged 0.9996441 2.692 seconds
p50_high_r27 MPCurve converged 0.8029143 2.296 seconds
p50_high_r27 PCurve iteration limit 0.8808964 54.695 seconds
p50_low_r28 MPCurve converged 0.9996677 0.434 seconds
p50_low_r28 PCurve converged 0.9995777 1.549 seconds
p50_high_r28 MPCurve converged 0.8621635 0.615 seconds
p50_high_r28 PCurve converged 0.995507 3.227 seconds
p50_low_r29 MPCurve converged 0.9072909 0.346 seconds
p50_low_r29 PCurve iteration limit 0.9997315 54.206 seconds
p50_high_r29 MPCurve converged 0.8410965 0.813 seconds
p50_high_r29 PCurve converged 0.9969192 1.641 seconds
p50_low_r30 MPCurve converged 0.9997442 0.503 seconds
p50_low_r30 PCurve converged 0.9997296 1.69 seconds
p50_high_r30 MPCurve converged 0.8215735 0.748 seconds
p50_high_r30 PCurve converged 0.2904323 4.338 seconds
