bash: warning: setlocale: LC_ALL: cannot change locale (C.UTF-8)
p12_low_r01 MPCurve converged 0.8590726 0.467 seconds
p12_low_r01 PCurve converged 0.8697856 0.981 seconds
p12_high_r01 MPCurve converged 0.8984505 0.563 seconds
p12_high_r01 PCurve converged 0.8560231 2.587 seconds
p12_low_r02 MPCurve converged 0.998788 0.243 seconds
p12_low_r02 PCurve converged 0.9984446 0.462 seconds
p12_high_r02 MPCurve converged 0.9059671 0.45 seconds
p12_high_r02 PCurve converged 0.9755221 0.514 seconds
p12_low_r03 MPCurve converged 0.7987655 0.166 seconds
p12_low_r03 PCurve converged 0.6227162 0.362 seconds
p12_high_r03 MPCurve converged 0.3442331 0.71 seconds
p12_high_r03 PCurve converged 0.3602164 2.17 seconds
p12_low_r04 MPCurve converged 0.9969395 0.233 seconds
p12_low_r04 PCurve converged 0.9951636 0.519 seconds
p12_high_r04 MPCurve converged 0.6821376 0.611 seconds
p12_high_r04 PCurve converged 0.09586251 1.483 seconds
p12_low_r05 MPCurve converged 0.8754437 0.195 seconds
p12_low_r05 PCurve converged 0.8698134 0.628 seconds
p12_high_r05 MPCurve converged 0.8630586 0.74 seconds
p12_high_r05 PCurve converged 0.889281 0.438 seconds
p12_low_r06 MPCurve converged 0.7103555 0.129 seconds
p12_low_r06 PCurve iteration limit 0.8020915 12.689 seconds
p12_high_r06 MPCurve converged 0.6463137 0.259 seconds
p12_high_r06 PCurve iteration limit 0.6721132 13.255 seconds
p12_low_r07 MPCurve converged 0.9093752 0.166 seconds
p12_low_r07 PCurve iteration limit 0.8937342 14.002 seconds
p12_high_r07 MPCurve converged 0.838092 0.408 seconds
p12_high_r07 PCurve iteration limit 0.8469309 14.428 seconds
p12_low_r08 MPCurve converged 0.713906 0.088 seconds
p12_low_r08 PCurve converged 0.9535015 0.979 seconds
p12_high_r08 MPCurve converged 0.7362229 0.711 seconds
p12_high_r08 PCurve converged 0.8284105 1.095 seconds
p12_low_r09 MPCurve converged 0.8682923 0.286 seconds
p12_low_r09 PCurve converged 0.9985708 0.568 seconds
p12_high_r09 MPCurve converged 0.5232191 0.608 seconds
p12_high_r09 PCurve converged 0.4929398 0.472 seconds
p12_low_r10 MPCurve converged 0.7412877 0.152 seconds
p12_low_r10 PCurve converged 0.1559158 0.525 seconds
p12_high_r10 MPCurve converged 0.3029386 0.628 seconds
p12_high_r10 PCurve converged 0.2651648 1.229 seconds
p12_low_r11 MPCurve converged 0.8872221 0.099 seconds
p12_low_r11 PCurve iteration limit 0.7530543 12.697 seconds
p12_high_r11 MPCurve converged 0.6491727 0.416 seconds
p12_high_r11 PCurve iteration limit 0.7267404 13.699 seconds
p12_low_r12 MPCurve converged 0.9910058 0.147 seconds
p12_low_r12 PCurve converged 0.9991468 0.395 seconds
p12_high_r12 MPCurve converged 0.6489837 0.353 seconds
p12_high_r12 PCurve converged 0.5804008 0.434 seconds
p12_low_r13 MPCurve converged 0.999169 0.348 seconds
p12_low_r13 PCurve converged 0.9990268 0.352 seconds
p12_high_r13 MPCurve converged 0.004240606 0.39 seconds
p12_high_r13 PCurve converged 0.1013527 1.023 seconds
p12_low_r14 MPCurve converged 0.9905715 0.168 seconds
p12_low_r14 PCurve converged 0.9988239 0.401 seconds
p12_high_r14 MPCurve converged 0.7921188 0.621 seconds
p12_high_r14 PCurve converged 0.8699563 1.417 seconds
p12_low_r15 MPCurve converged 0.818651 0.268 seconds
p12_low_r15 PCurve converged 0.7787335 4.293 seconds
p12_high_r15 MPCurve converged 0.5479022 0.462 seconds
p12_high_r15 PCurve converged 0.5428864 0.236 seconds
p50_low_r01 MPCurve converged 0.9997547 0.48 seconds
p50_low_r01 PCurve converged 0.9997015 1.478 seconds
p50_high_r01 MPCurve converged 0.9440377 1.458 seconds
p50_high_r01 PCurve converged 0.9963067 1.801 seconds
p50_low_r02 MPCurve converged 0.94098 1.065 seconds
p50_low_r02 PCurve converged 0.9996719 2.747 seconds
p50_high_r02 MPCurve converged 0.857163 1.523 seconds
p50_high_r02 PCurve converged 0.7635519 1.762 seconds
p50_low_r03 MPCurve converged 0.846479 0.269 seconds
p50_low_r03 PCurve converged 0.9997003 4.25 seconds
p50_high_r03 MPCurve converged 0.7349344 1.724 seconds
p50_high_r03 PCurve converged 0.8846263 1.42 seconds
p50_low_r04 MPCurve converged 0.999559 0.447 seconds
p50_low_r04 PCurve converged 0.9996175 1.763 seconds
p50_high_r04 MPCurve converged 0.9151024 1.901 seconds
p50_high_r04 PCurve converged 0.9957804 1.531 seconds
p50_low_r05 MPCurve converged 0.9205814 0.594 seconds
p50_low_r05 PCurve iteration limit 0.9995233 57.778 seconds
p50_high_r05 MPCurve converged 0.8901793 1.374 seconds
p50_high_r05 PCurve converged 0.9952831 2.883 seconds
p50_low_r06 MPCurve converged 0.9997716 0.28 seconds
p50_low_r06 PCurve converged 0.9997004 2.76 seconds
p50_high_r06 MPCurve converged 0.6287467 1.419 seconds
p50_high_r06 PCurve converged 0.545954 1.465 seconds
p50_low_r07 MPCurve converged 0.9996531 0.354 seconds
p50_low_r07 PCurve converged 0.998972 1.509 seconds
p50_high_r07 MPCurve converged 0.7466647 0.93 seconds
p50_high_r07 PCurve converged 0.6012667 2.174 seconds
p50_low_r08 MPCurve converged 0.9997532 0.685 seconds
p50_low_r08 PCurve converged 0.9996527 1.299 seconds
p50_high_r08 MPCurve converged 0.8372759 2.72 seconds
p50_high_r08 PCurve converged 0.8755619 2.079 seconds
p50_low_r09 MPCurve converged 0.9997641 0.493 seconds
p50_low_r09 PCurve converged 0.9996298 2.05 seconds
p50_high_r09 MPCurve converged 0.9974349 0.782 seconds
p50_high_r09 PCurve converged 0.9966453 2.958 seconds
p50_low_r10 MPCurve converged 0.8426334 0.467 seconds
p50_low_r10 PCurve converged 0.9531044 1.377 seconds
p50_high_r10 MPCurve converged 0.7153364 1.205 seconds
p50_high_r10 PCurve converged 0.2399201 2.834 seconds
p50_low_r11 MPCurve converged 0.9997915 0.479 seconds
p50_low_r11 PCurve converged 0.9996891 2.834 seconds
p50_high_r11 MPCurve converged 0.8263812 1.395 seconds
p50_high_r11 PCurve converged 0.476583 2.87 seconds
p50_low_r12 MPCurve converged 0.9997506 0.435 seconds
p50_low_r12 PCurve converged 0.9982631 1.385 seconds
p50_high_r12 MPCurve converged 0.8728103 1.953 seconds
p50_high_r12 PCurve converged 0.8948031 1.782 seconds
p50_low_r13 MPCurve converged 0.999733 0.637 seconds
p50_low_r13 PCurve converged 0.9996344 2.075 seconds
p50_high_r13 MPCurve converged 0.7130563 1.307 seconds
p50_high_r13 PCurve converged 0.6823999 0.978 seconds
p50_low_r14 MPCurve converged 0.9997592 0.405 seconds
p50_low_r14 PCurve converged 0.9997345 1.993 seconds
p50_high_r14 MPCurve converged 0.9019785 1.255 seconds
p50_high_r14 PCurve converged 0.9971836 2.01 seconds
p50_low_r15 MPCurve converged 0.999799 0.415 seconds
p50_low_r15 PCurve converged 0.999721 2.201 seconds
p50_high_r15 MPCurve converged 0.8030346 0.938 seconds
p50_high_r15 PCurve converged 0.7328812 4.46 seconds
