bash: warning: setlocale: LC_ALL: cannot change locale (C.UTF-8)
null device 
          1 
null device 
          1 
  P noise        method  n median_rho  mean_rho median_pca_rho mean_change
 12   low        Isomap 30  0.8686620 0.8707279      0.6203285  0.32461177
 12   low       MPCurve 30  0.8811163 0.8772527      0.6115537  0.32185295
 12   low        PCurve 30  0.9649288 0.8482013      0.5263029  0.29485445
 12   low         GPLVM 30  0.9095320 0.8781886      0.6316388  0.31363699
 12   low BayesianGPLVM 30  0.9115938 0.8610439      0.6146134  0.29546599
 12  high        Isomap 30  0.6146149 0.5584359      0.5521181  0.04259086
 12  high       MPCurve 30  0.6359611 0.5829600      0.5496025  0.03841311
 12  high        PCurve 30  0.5503978 0.5593076      0.4946155  0.02867820
 12  high         GPLVM 30  0.6049186 0.5595427      0.5656311  0.02249466
 12  high BayesianGPLVM 30  0.5433346 0.5606875      0.5542421  0.02948309
 50   low        Isomap 30  0.9996550 0.9706616      0.6984287  0.31213620
 50   low       MPCurve 30  0.9997127 0.9721333      0.6932705  0.30710976
 50   low        PCurve 30  0.9996542 0.9956741      0.4959219  0.41350401
 50   low         GPLVM 30  0.9997330 0.9765673      0.6856146  0.29727868
 50   low BayesianGPLVM 30  0.9997367 0.9841373      0.6989965  0.29947674
 50  high        Isomap 30  0.8159056 0.8189487      0.6945939  0.17121723
 50  high       MPCurve 30  0.8391862 0.8339633      0.7070031  0.15125974
 50  high        PCurve 30  0.8827613 0.8034596      0.5681825  0.17782799
 50  high         GPLVM 30  0.8462777 0.8369268      0.7013455  0.16499557
 50  high BayesianGPLVM 30  0.8572114 0.8299478      0.6800248  0.14927713
 median_change mcse_change median_tau median_actual_initial_rho
  2.065222e-01  0.04771268  0.7429146                 0.8686620
  2.387693e-01  0.04784075  0.7402879                 0.8681205
  3.168894e-01  0.06440224  0.9148896                 0.8761602
  2.045451e-01  0.05264531  0.7861809                 0.8686620
  2.108348e-01  0.05312899  0.8612563                 0.8686620
  4.869872e-02  0.01099635  0.4030151                 0.6146149
  3.077477e-02  0.01459891  0.4287437                 0.6149087
  9.350165e-04  0.01773783  0.3898760                 0.6166169
  2.479862e-02  0.01036766  0.4208543                 0.6146149
  3.675092e-05  0.01788541  0.3916080                 0.6146149
  2.906188e-01  0.03807794  0.9879899                 0.9996550
  2.814407e-01  0.03852486  0.9897213                 0.9994524
  5.035648e-01  0.06027142  0.9887605                 0.9996756
  2.929393e-01  0.04007465  0.9901005                 0.9996550
  2.880965e-01  0.04126650  0.9901508                 0.9996550
  1.066069e-01  0.03415963  0.6286935                 0.8159056
  9.076760e-02  0.03590899  0.6728141                 0.8155883
  1.807226e-02  0.06559530  0.7445096                 0.8435064
  1.041371e-01  0.03712938  0.6817085                 0.8159056
  7.812120e-02  0.03655884  0.7249246                 0.8159056
 median_start_agreement  median_gain gains_over05 losses_over05 converged
              1.0000000 0.000000e+00            0             0        30
              0.9998125 3.688306e-03            0             0        30
              0.9891265 6.518794e-05            9             6        23
              1.0000000 6.022651e-04            3             3        30
              1.0000000 2.977574e-04            4             4        29
              1.0000000 0.000000e+00            0             0        30
              0.9998125 3.328583e-02           12             4        30
              0.9650553 2.567706e-02           11             8        25
              1.0000000 8.332708e-03            3             4        30
              1.0000000 1.971349e-02            7             8        30
              1.0000000 0.000000e+00            0             0        30
              0.9998125 7.968796e-05            0             0        30
              0.9997952 2.755129e-05            6             0        28
              1.0000000 9.000225e-05            1             0        30
              1.0000000 7.800195e-05            4             0        26
              1.0000000 0.000000e+00            0             0        30
              0.9998125 9.109211e-03            2             0        30
              0.9808211 9.542075e-03           13             8        28
              1.0000000 1.839946e-02            5             1        30
              1.0000000 8.973224e-03           10             8        30
 recovery95 median_fit_seconds median_total_seconds median_pca_fit_seconds
         11          0.0000000            0.0420000              0.0000000
         11          0.1670000            0.2195000              0.1185000
         16          0.6915000            0.7780000              1.0265000
         12          1.8155782            1.8580782              2.9341392
         12          4.7049369            4.7444369              9.9489901
          0          0.0000000            0.0455000              0.0000000
          0          0.4800000            0.5200000              0.4700000
          1          0.8765000            0.9260000              1.1315000
          0          1.6752999            1.7307999              1.8328902
          0          1.9990205            2.0375205              2.3253318
         24          0.0000000            0.0740000              0.0000000
         24          0.4345000            0.5105000              0.2645000
         29          2.0625000            2.1955000              3.3190000
         24          0.7652357            0.8420494              2.5325899
         28          4.2595892            4.3405892             15.8369070
          3          0.0000000            0.0820000              0.0000000
          3          1.3405000            1.4210000              1.2230000
         12          2.3630000            2.5015000              2.4190000
          4          0.6811729            0.7646729              0.6408052
          6          2.0699766            2.1539766              2.0491368
  P noise        method    mean_delta  median_delta        mcse wins
 12  high BayesianGPLVM -0.0222725068 -2.406960e-02 0.014718233   12
 50  high BayesianGPLVM -0.0040154122 -1.345964e-02 0.012672495   14
 12   low BayesianGPLVM -0.0162087363  9.600240e-05 0.015381273   19
 50   low BayesianGPLVM  0.0120039275  1.968870e-05 0.005397177   21
 12  high         GPLVM -0.0234172854 -2.208055e-02 0.010569079   10
 50  high         GPLVM  0.0029635123  7.126678e-03 0.006114870   18
 12   low         GPLVM  0.0009358923  8.100299e-05 0.008101645   19
 50   low         GPLVM  0.0044339383  2.043973e-05 0.002467643   23
 12  high        PCurve -0.0236523909 -8.976053e-03 0.033191104   13
 50  high        PCurve -0.0305036561 -3.163564e-04 0.031793534   14
 12   low        PCurve -0.0290513778 -3.917359e-04 0.035840575   12
 50   low        PCurve  0.0235407538 -4.931957e-05 0.008214499   11
