2026-09-26 23:33:27.710679 main_M3_S1_r001_adaptive_M08 start; resumed=FALSE
2026-09-26 23:35:54.835195 main_M3_S1_r001_adaptive_M08 sweeps=443 score=-26888.605354 converged=TRUE elapsed=146.99
2026-09-26 23:35:55.016433 main_M3_S1_r001_adaptive_M08 finished: success
2026-09-26 23:35:55.063616 main_M3_S1_r001_forward_M01 start; resumed=FALSE
2026-09-26 23:35:55.978182 main_M3_S1_r001_forward_M01 sweeps=116 score=-28276.451382 converged=TRUE elapsed=0.91
2026-09-26 23:35:55.998069 main_M3_S1_r001_forward_M01 finished: success
2026-09-26 23:35:55.998252 main_M3_S1_r001_forward_M02 start; resumed=FALSE
2026-09-26 23:36:19.137939 main_M3_S1_r001_forward_M02 sweeps=284 score=-27394.099988 converged=TRUE elapsed=23.11
2026-09-26 23:36:19.172082 main_M3_S1_r001_forward_M02 finished: success
2026-09-26 23:36:19.172903 main_M3_S1_r001_forward_M03 start; resumed=FALSE
2026-09-26 23:37:11.826768 main_M3_S1_r001_forward_M03 sweeps=423 score=-26887.793498 converged=TRUE elapsed=52.60
2026-09-26 23:37:11.890669 main_M3_S1_r001_forward_M03 finished: success
2026-09-26 23:37:11.891196 main_M3_S1_r001_forward_M04 start; resumed=FALSE
2026-09-26 23:38:21.405593 main_M3_S1_r001_forward_M04 sweeps=416 score=-26904.564720 converged=TRUE elapsed=69.44
2026-09-26 23:38:21.474487 main_M3_S1_r001_forward_M04 finished: success
DATASET COMPLETE
               id phase true_M snr replicate   method  status estimated_M ARI
1 main_M3_S1_r001  main      3   1         1 adaptive success           3   1
2 main_M3_S1_r001  main      3   1         1  forward success           3   1
  ordering_recovery matched_ordering_recovery true_ordering_coverage map_groups
1         0.9727102                 0.9727102                      1          3
2         0.9727770                 0.9727770                      1          3
  near_duplicate_orderings constant_orderings elapsed_seconds candidate_count
1                    FALSE                  0         146.991               1
2                    FALSE                  0         146.059               4
  warning_count error
1             0
2             0
