2026-09-27 00:17:34.66941 main_M3_S4_r007_adaptive_M08 start; resumed=FALSE
2026-09-27 00:20:09.161888 main_M3_S4_r007_adaptive_M08 sweeps=466 score=-15064.038332 converged=TRUE elapsed=154.29
2026-09-27 00:20:09.188473 main_M3_S4_r007_adaptive_M08 finished: success
2026-09-27 00:20:09.232876 main_M3_S4_r007_forward_M01 start; resumed=FALSE
2026-09-27 00:20:09.488616 main_M3_S4_r007_forward_M01 sweeps=22 score=-19612.979956 converged=TRUE elapsed=0.25
2026-09-27 00:20:09.501784 main_M3_S4_r007_forward_M01 finished: success
2026-09-27 00:20:09.501922 main_M3_S4_r007_forward_M02 start; resumed=FALSE
2026-09-27 00:20:30.681819 main_M3_S4_r007_forward_M02 sweeps=260 score=-16851.725187 converged=TRUE elapsed=21.14
2026-09-27 00:20:30.683492 main_M3_S4_r007_forward_M02 finished: success
2026-09-27 00:20:30.684267 main_M3_S4_r007_forward_M03 start; resumed=FALSE
2026-09-27 00:21:47.056884 main_M3_S4_r007_forward_M03 sweeps=628 score=-15064.236442 converged=TRUE elapsed=76.28
2026-09-27 00:21:47.059246 main_M3_S4_r007_forward_M03 finished: success
2026-09-27 00:21:47.05972 main_M3_S4_r007_forward_M04 start; resumed=FALSE
2026-09-27 00:23:04.077426 main_M3_S4_r007_forward_M04 sweeps=461 score=-15084.374980 converged=TRUE elapsed=76.95
2026-09-27 00:23:04.082837 main_M3_S4_r007_forward_M04 finished: success
DATASET COMPLETE
               id phase true_M snr replicate   method  status estimated_M ARI
1 main_M3_S4_r007  main      3   4         7 adaptive success           3   1
2 main_M3_S4_r007  main      3   4         7  forward success           3   1
  ordering_recovery matched_ordering_recovery true_ordering_coverage map_groups
1         0.9919867                 0.9919867                      1          3
2         0.9919667                 0.9919667                      1          3
  near_duplicate_orderings constant_orderings elapsed_seconds candidate_count
1                    FALSE                  0         154.289               1
2                    FALSE                  0         174.630               4
  warning_count error
1             0
2             0
