2026-09-27 00:57:20.389607 main_M4_S1_r003_adaptive_M08 start; resumed=FALSE
2026-09-27 01:02:06.404387 main_M4_S1_r003_adaptive_M08 sweeps=869 score=-26960.544087 converged=TRUE elapsed=285.76
2026-09-27 01:02:06.431382 main_M4_S1_r003_adaptive_M08 finished: success
2026-09-27 01:02:06.477617 main_M4_S1_r003_forward_M01 start; resumed=FALSE
2026-09-27 01:02:07.903188 main_M4_S1_r003_forward_M01 sweeps=189 score=-28878.609799 converged=TRUE elapsed=1.42
2026-09-27 01:02:07.916832 main_M4_S1_r003_forward_M01 finished: success
2026-09-27 01:02:07.916959 main_M4_S1_r003_forward_M02 start; resumed=FALSE
2026-09-27 01:02:32.240476 main_M4_S1_r003_forward_M02 sweeps=300 score=-28243.425460 converged=TRUE elapsed=24.29
2026-09-27 01:02:32.241992 main_M4_S1_r003_forward_M02 finished: success
2026-09-27 01:02:32.24545 main_M4_S1_r003_forward_M03 start; resumed=FALSE
2026-09-27 01:03:55.474605 main_M4_S1_r003_forward_M03 sweeps=688 score=-27239.854781 converged=TRUE elapsed=83.17
2026-09-27 01:03:55.478392 main_M4_S1_r003_forward_M03 finished: success
2026-09-27 01:03:55.478878 main_M4_S1_r003_forward_M04 start; resumed=FALSE
2026-09-27 01:06:17.815513 main_M4_S1_r003_forward_M04 sweeps=873 score=-26960.846545 converged=TRUE elapsed=142.23
2026-09-27 01:06:17.817904 main_M4_S1_r003_forward_M04 finished: success
2026-09-27 01:06:17.818376 main_M4_S1_r003_forward_M05 start; resumed=FALSE
2026-09-27 01:09:07.957756 main_M4_S1_r003_forward_M05 sweeps=836 score=-26972.297470 converged=TRUE elapsed=169.96
2026-09-27 01:09:07.96451 main_M4_S1_r003_forward_M05 finished: success
DATASET COMPLETE
               id phase true_M snr replicate   method  status estimated_M ARI
1 main_M4_S1_r003  main      4   1         3 adaptive success           4   1
2 main_M4_S1_r003  main      4   1         3  forward success           4   1
  ordering_recovery matched_ordering_recovery true_ordering_coverage map_groups
1         0.9649921                 0.9649921                      1          4
2         0.9649393                 0.9649393                      1          4
  near_duplicate_orderings constant_orderings elapsed_seconds candidate_count
1                    FALSE                  0         285.756               1
2                    FALSE                  0         421.068               5
  warning_count error
1             0
2             0
