2026-09-27 00:20:39.475354 main_M3_S4_r008_adaptive_M08 start; resumed=FALSE
2026-09-27 00:22:44.251393 main_M3_S4_r008_adaptive_M08 sweeps=374 score=-15333.068156 converged=TRUE elapsed=124.58
2026-09-27 00:22:44.27865 main_M3_S4_r008_adaptive_M08 finished: success
2026-09-27 00:22:44.323801 main_M3_S4_r008_forward_M01 start; resumed=FALSE
2026-09-27 00:22:45.319154 main_M3_S4_r008_forward_M01 sweeps=124 score=-18978.669409 converged=TRUE elapsed=0.99
2026-09-27 00:22:45.332189 main_M3_S4_r008_forward_M01 finished: success
2026-09-27 00:22:45.332339 main_M3_S4_r008_forward_M02 start; resumed=FALSE
2026-09-27 00:23:09.934364 main_M3_S4_r008_forward_M02 sweeps=296 score=-16768.255944 converged=TRUE elapsed=24.57
2026-09-27 00:23:09.935934 main_M3_S4_r008_forward_M02 finished: success
2026-09-27 00:23:09.936696 main_M3_S4_r008_forward_M03 start; resumed=FALSE
2026-09-27 00:23:58.10002 main_M3_S4_r008_forward_M03 sweeps=394 score=-14961.936017 converged=TRUE elapsed=48.09
2026-09-27 00:23:58.101903 main_M3_S4_r008_forward_M03 finished: success
2026-09-27 00:23:58.102357 main_M3_S4_r008_forward_M04 start; resumed=FALSE
2026-09-27 00:25:04.376681 main_M3_S4_r008_forward_M04 sweeps=406 score=-14979.559193 converged=TRUE elapsed=66.20
2026-09-27 00:25:04.383258 main_M3_S4_r008_forward_M04 finished: success
DATASET COMPLETE
               id phase true_M snr replicate   method  status estimated_M
1 main_M3_S4_r008  main      3   4         8 adaptive success           4
2 main_M3_S4_r008  main      3   4         8  forward success           3
        ARI ordering_recovery matched_ordering_recovery true_ordering_coverage
1 0.8771087         0.9905609                 0.9905609                      1
2 1.0000000         0.9924525                 0.9924525                      1
  map_groups near_duplicate_orderings constant_orderings elapsed_seconds
1          4                    FALSE                  0         124.579
2          3                    FALSE                  0         139.855
  candidate_count warning_count error
1               1             0
2               4             0
