2026-09-27 03:27:45.08736 main_M5_S4_r002_adaptive_M08 start; resumed=FALSE
2026-09-27 03:30:05.688726 main_M5_S4_r002_adaptive_M08 sweeps=424 score=-16176.560737 converged=TRUE elapsed=140.40
2026-09-27 03:30:05.717427 main_M5_S4_r002_adaptive_M08 finished: success
2026-09-27 03:30:05.766781 main_M5_S4_r002_forward_M01 start; resumed=FALSE
2026-09-27 03:30:06.049778 main_M5_S4_r002_forward_M01 sweeps=30 score=-22817.397929 converged=TRUE elapsed=0.28
2026-09-27 03:30:06.065683 main_M5_S4_r002_forward_M01 finished: success
2026-09-27 03:30:06.065808 main_M5_S4_r002_forward_M02 start; resumed=FALSE
2026-09-27 03:30:20.343551 main_M5_S4_r002_forward_M02 sweeps=171 score=-18835.664671 converged=TRUE elapsed=14.24
2026-09-27 03:30:20.345377 main_M5_S4_r002_forward_M02 finished: success
2026-09-27 03:30:20.346201 main_M5_S4_r002_forward_M03 start; resumed=FALSE
2026-09-27 03:31:09.077346 main_M5_S4_r002_forward_M03 sweeps=390 score=-17385.781036 converged=TRUE elapsed=48.66
2026-09-27 03:31:09.081945 main_M5_S4_r002_forward_M03 finished: success
2026-09-27 03:31:09.082435 main_M5_S4_r002_forward_M04 start; resumed=FALSE
2026-09-27 03:32:02.900267 main_M5_S4_r002_forward_M04 sweeps=328 score=-16386.810941 converged=TRUE elapsed=53.71
2026-09-27 03:32:02.903032 main_M5_S4_r002_forward_M04 finished: success
2026-09-27 03:32:02.9035 main_M5_S4_r002_forward_M05 start; resumed=FALSE
2026-09-27 03:33:23.333139 main_M5_S4_r002_forward_M05 sweeps=392 score=-15857.580116 converged=TRUE elapsed=80.30
2026-09-27 03:33:23.336021 main_M5_S4_r002_forward_M05 finished: success
2026-09-27 03:33:23.336482 main_M5_S4_r002_forward_M06 start; resumed=FALSE
2026-09-27 03:35:12.105271 main_M5_S4_r002_forward_M06 sweeps=431 score=-15868.013550 converged=TRUE elapsed=108.60
2026-09-27 03:35:12.108847 main_M5_S4_r002_forward_M06 finished: success
DATASET COMPLETE
               id phase true_M snr replicate   method  status estimated_M
1 main_M5_S4_r002  main      5   4         2 adaptive success           6
2 main_M5_S4_r002  main      5   4         2  forward success           5
        ARI ordering_recovery matched_ordering_recovery true_ordering_coverage
1 0.9380902         0.9870477                 0.9870477                      1
2 1.0000000         0.9880082                 0.9880082                      1
  map_groups near_duplicate_orderings constant_orderings elapsed_seconds
1          6                    FALSE                  0         140.404
2          5                    FALSE                  0         305.788
  candidate_count warning_count error
1               1             0
2               6             0
