2026-09-27 04:04:31.426646 main_M5_S4_r009_adaptive_M08 start; resumed=FALSE
2026-09-27 04:07:46.538777 main_M5_S4_r009_adaptive_M08 sweeps=592 score=-15820.886539 converged=TRUE elapsed=194.91
2026-09-27 04:07:46.566224 main_M5_S4_r009_adaptive_M08 finished: success
2026-09-27 04:07:46.611732 main_M5_S4_r009_forward_M01 start; resumed=FALSE
2026-09-27 04:07:47.315117 main_M5_S4_r009_forward_M01 sweeps=87 score=-22275.770580 converged=TRUE elapsed=0.70
2026-09-27 04:07:47.331695 main_M5_S4_r009_forward_M01 finished: success
2026-09-27 04:07:47.331829 main_M5_S4_r009_forward_M02 start; resumed=FALSE
2026-09-27 04:08:02.85527 main_M5_S4_r009_forward_M02 sweeps=190 score=-20290.382761 converged=TRUE elapsed=15.49
2026-09-27 04:08:02.857528 main_M5_S4_r009_forward_M02 finished: success
2026-09-27 04:08:02.858281 main_M5_S4_r009_forward_M03 start; resumed=FALSE
2026-09-27 04:08:24.928652 main_M5_S4_r009_forward_M03 sweeps=179 score=-17553.774612 converged=TRUE elapsed=22.01
2026-09-27 04:08:24.931566 main_M5_S4_r009_forward_M03 finished: success
2026-09-27 04:08:24.932005 main_M5_S4_r009_forward_M04 start; resumed=FALSE
2026-09-27 04:09:18.884213 main_M5_S4_r009_forward_M04 sweeps=328 score=-16546.368633 converged=TRUE elapsed=53.88
2026-09-27 04:09:18.888136 main_M5_S4_r009_forward_M04 finished: success
2026-09-27 04:09:18.888602 main_M5_S4_r009_forward_M05 start; resumed=FALSE
2026-09-27 04:11:20.931791 main_M5_S4_r009_forward_M05 sweeps=620 score=-15817.365026 converged=TRUE elapsed=121.92
2026-09-27 04:11:20.934562 main_M5_S4_r009_forward_M05 finished: success
2026-09-27 04:11:20.935023 main_M5_S4_r009_forward_M06 start; resumed=FALSE
2026-09-27 04:13:35.312233 main_M5_S4_r009_forward_M06 sweeps=575 score=-15828.792768 converged=TRUE elapsed=134.22
2026-09-27 04:13:35.315991 main_M5_S4_r009_forward_M06 finished: success
DATASET COMPLETE
               id phase true_M snr replicate   method  status estimated_M ARI
1 main_M5_S4_r009  main      5   4         9 adaptive success           5   1
2 main_M5_S4_r009  main      5   4         9  forward success           5   1
  ordering_recovery matched_ordering_recovery true_ordering_coverage map_groups
1         0.9884821                 0.9884821                      1          5
2         0.9884907                 0.9884907                      1          5
  near_duplicate_orderings constant_orderings elapsed_seconds candidate_count
1                    FALSE                  0         194.911               1
2                    FALSE                  0         348.223               6
  warning_count error
1             0
2             0
