2026-09-27 04:34:49.462296 main_M5_S16_r010_adaptive_M08 start; resumed=FALSE
2026-09-27 04:36:42.785212 main_M5_S16_r010_adaptive_M08 sweeps=343 score=-4661.821926 converged=TRUE elapsed=113.12
2026-09-27 04:36:42.81621 main_M5_S16_r010_adaptive_M08 finished: success
2026-09-27 04:36:42.861507 main_M5_S16_r010_forward_M01 start; resumed=FALSE
2026-09-27 04:36:43.189569 main_M5_S16_r010_forward_M01 sweeps=36 score=-18610.415139 converged=TRUE elapsed=0.32
2026-09-27 04:36:43.204092 main_M5_S16_r010_forward_M01 finished: success
2026-09-27 04:36:43.204237 main_M5_S16_r010_forward_M02 start; resumed=FALSE
2026-09-27 04:37:05.295827 main_M5_S16_r010_forward_M02 sweeps=271 score=-13886.330935 converged=TRUE elapsed=22.06
2026-09-27 04:37:05.297638 main_M5_S16_r010_forward_M02 finished: success
2026-09-27 04:37:05.298422 main_M5_S16_r010_forward_M03 start; resumed=FALSE
2026-09-27 04:37:35.246906 main_M5_S16_r010_forward_M03 sweeps=246 score=-9956.012961 converged=TRUE elapsed=29.88
2026-09-27 04:37:35.250391 main_M5_S16_r010_forward_M03 finished: success
2026-09-27 04:37:35.25083 main_M5_S16_r010_forward_M04 start; resumed=FALSE
2026-09-27 04:38:41.399159 main_M5_S16_r010_forward_M04 sweeps=406 score=-6374.712586 converged=TRUE elapsed=66.05
2026-09-27 04:38:41.404193 main_M5_S16_r010_forward_M04 finished: success
2026-09-27 04:38:41.40467 main_M5_S16_r010_forward_M05 start; resumed=FALSE
2026-09-27 04:40:12.381921 main_M5_S16_r010_forward_M05 sweeps=444 score=-4657.000364 converged=TRUE elapsed=90.86
2026-09-27 04:40:12.387384 main_M5_S16_r010_forward_M05 finished: success
2026-09-27 04:40:12.387801 main_M5_S16_r010_forward_M06 start; resumed=FALSE
2026-09-27 04:41:50.111462 main_M5_S16_r010_forward_M06 sweeps=396 score=-4669.545076 converged=TRUE elapsed=97.62
2026-09-27 04:41:50.11673 main_M5_S16_r010_forward_M06 finished: success
DATASET COMPLETE
                id phase true_M snr replicate   method  status estimated_M ARI
1 main_M5_S16_r010  main      5  16        10 adaptive success           5   1
2 main_M5_S16_r010  main      5  16        10  forward success           5   1
  ordering_recovery matched_ordering_recovery true_ordering_coverage map_groups
1         0.9968715                 0.9968715                      1          5
2         0.9968688                 0.9968688                      1          5
  near_duplicate_orderings constant_orderings elapsed_seconds candidate_count
1                    FALSE                  0         113.123               1
2                    FALSE                  0         306.791               6
  warning_count error
1             0
2             0
