2026-09-26 23:55:04.349252 main_M3_S1_r009_adaptive_M08 start; resumed=FALSE
2026-09-26 23:58:36.834478 main_M3_S1_r009_adaptive_M08 sweeps=645 score=-26751.708312 converged=TRUE elapsed=212.29
2026-09-26 23:58:36.859992 main_M3_S1_r009_adaptive_M08 finished: success
2026-09-26 23:58:36.905009 main_M3_S1_r009_forward_M01 start; resumed=FALSE
2026-09-26 23:58:38.306022 main_M3_S1_r009_forward_M01 sweeps=184 score=-28273.984257 converged=TRUE elapsed=1.39
2026-09-26 23:58:38.320157 main_M3_S1_r009_forward_M01 finished: success
2026-09-26 23:58:38.320298 main_M3_S1_r009_forward_M02 start; resumed=FALSE
2026-09-26 23:59:26.941073 main_M3_S1_r009_forward_M02 sweeps=604 score=-27074.532732 converged=TRUE elapsed=48.56
2026-09-26 23:59:26.943155 main_M3_S1_r009_forward_M02 finished: success
2026-09-26 23:59:26.943909 main_M3_S1_r009_forward_M03 start; resumed=FALSE
2026-09-27 00:00:33.711804 main_M3_S1_r009_forward_M03 sweeps=550 score=-26752.292460 converged=TRUE elapsed=66.71
2026-09-27 00:00:33.716686 main_M3_S1_r009_forward_M03 finished: success
2026-09-27 00:00:33.717144 main_M3_S1_r009_forward_M04 start; resumed=FALSE
2026-09-27 00:02:13.237605 main_M3_S1_r009_forward_M04 sweeps=612 score=-26768.575526 converged=TRUE elapsed=99.42
2026-09-27 00:02:13.243489 main_M3_S1_r009_forward_M04 finished: success
DATASET COMPLETE
               id phase true_M snr replicate   method  status estimated_M ARI
1 main_M3_S1_r009  main      3   1         9 adaptive success           3   1
2 main_M3_S1_r009  main      3   1         9  forward success           3   1
  ordering_recovery matched_ordering_recovery true_ordering_coverage map_groups
1         0.9693582                 0.9693582                      1          3
2         0.9692213                 0.9692213                      1          3
  near_duplicate_orderings constant_orderings elapsed_seconds candidate_count
1                    FALSE                  0         212.289               1
2                    FALSE                  0         216.093               4
  warning_count error
1             0
2             0
