2026-09-27 01:43:08.817927 main_M4_S4_r003_adaptive_M08 start; resumed=FALSE
2026-09-27 01:45:17.70701 main_M4_S4_r003_adaptive_M08 sweeps=389 score=-15666.113754 converged=TRUE elapsed=128.74
2026-09-27 01:45:17.741102 main_M4_S4_r003_adaptive_M08 finished: success
2026-09-27 01:45:17.78918 main_M4_S4_r003_forward_M01 start; resumed=FALSE
2026-09-27 01:45:18.079871 main_M4_S4_r003_forward_M01 sweeps=32 score=-21203.810106 converged=TRUE elapsed=0.29
2026-09-27 01:45:18.092716 main_M4_S4_r003_forward_M01 finished: success
2026-09-27 01:45:18.092847 main_M4_S4_r003_forward_M02 start; resumed=FALSE
2026-09-27 01:45:46.980703 main_M4_S4_r003_forward_M02 sweeps=352 score=-18283.743625 converged=TRUE elapsed=28.83
2026-09-27 01:45:46.986567 main_M4_S4_r003_forward_M02 finished: success
2026-09-27 01:45:46.987448 main_M4_S4_r003_forward_M03 start; resumed=FALSE
2026-09-27 01:46:33.17165 main_M4_S4_r003_forward_M03 sweeps=377 score=-16733.725896 converged=TRUE elapsed=46.13
2026-09-27 01:46:33.173852 main_M4_S4_r003_forward_M03 finished: success
2026-09-27 01:46:33.174419 main_M4_S4_r003_forward_M04 start; resumed=FALSE
2026-09-27 01:47:43.529724 main_M4_S4_r003_forward_M04 sweeps=433 score=-15665.498697 converged=TRUE elapsed=70.29
2026-09-27 01:47:43.533344 main_M4_S4_r003_forward_M04 finished: success
2026-09-27 01:47:43.533754 main_M4_S4_r003_forward_M05 start; resumed=FALSE
2026-09-27 01:49:11.207102 main_M4_S4_r003_forward_M05 sweeps=431 score=-15678.884757 converged=TRUE elapsed=87.58
2026-09-27 01:49:11.211364 main_M4_S4_r003_forward_M05 finished: success
DATASET COMPLETE
               id phase true_M snr replicate   method  status estimated_M ARI
1 main_M4_S4_r003  main      4   4         3 adaptive success           4   1
2 main_M4_S4_r003  main      4   4         3  forward success           4   1
  ordering_recovery matched_ordering_recovery true_ordering_coverage map_groups
1         0.9913207                 0.9913207                      1          4
2         0.9912931                 0.9912931                      1          4
  near_duplicate_orderings constant_orderings elapsed_seconds candidate_count
1                    FALSE                  0         128.743               1
2                    FALSE                  0         233.127               5
  warning_count error
1             0
2             0
