2026-09-26 23:41:38.979325 main_M3_S1_r004_adaptive_M08 start; resumed=FALSE
2026-09-26 23:44:13.212303 main_M3_S1_r004_adaptive_M08 sweeps=491 score=-26810.935339 converged=TRUE elapsed=154.05
2026-09-26 23:44:13.242058 main_M3_S1_r004_adaptive_M08 finished: success
2026-09-26 23:44:13.287859 main_M3_S1_r004_forward_M01 start; resumed=FALSE
2026-09-26 23:44:15.169412 main_M3_S1_r004_forward_M01 sweeps=250 score=-28072.596269 converged=TRUE elapsed=1.88
2026-09-26 23:44:15.182454 main_M3_S1_r004_forward_M01 finished: success
2026-09-26 23:44:15.182617 main_M3_S1_r004_forward_M02 start; resumed=FALSE
2026-09-26 23:44:42.836147 main_M3_S1_r004_forward_M02 sweeps=341 score=-27221.521772 converged=TRUE elapsed=27.62
2026-09-26 23:44:42.837799 main_M3_S1_r004_forward_M02 finished: success
2026-09-26 23:44:42.83874 main_M3_S1_r004_forward_M03 start; resumed=FALSE
2026-09-26 23:45:43.031754 main_M3_S1_r004_forward_M03 sweeps=494 score=-26813.645134 converged=TRUE elapsed=60.12
2026-09-26 23:45:43.034811 main_M3_S1_r004_forward_M03 finished: success
2026-09-26 23:45:43.035335 main_M3_S1_r004_forward_M04 start; resumed=FALSE
2026-09-26 23:47:44.410822 main_M3_S1_r004_forward_M04 sweeps=746 score=-26821.691245 converged=TRUE elapsed=121.27
2026-09-26 23:47:44.414042 main_M3_S1_r004_forward_M04 finished: success
DATASET COMPLETE
               id phase true_M snr replicate   method  status estimated_M ARI
1 main_M3_S1_r004  main      3   1         4 adaptive success           3   1
2 main_M3_S1_r004  main      3   1         4  forward success           3   1
  ordering_recovery matched_ordering_recovery true_ordering_coverage map_groups
1         0.9761335                 0.9761335                      1          3
2         0.9761188                 0.9761188                      1          3
  near_duplicate_orderings constant_orderings elapsed_seconds candidate_count
1                    FALSE                  0         154.054               1
2                    FALSE                  0         210.887               4
  warning_count error
1             0
2             0
