2026-09-27 00:29:09.328377 main_M3_S16_r002_adaptive_M08 start; resumed=FALSE
2026-09-27 00:31:46.557652 main_M3_S16_r002_adaptive_M08 sweeps=475 score=-3300.691254 converged=TRUE elapsed=157.02
2026-09-27 00:31:46.589214 main_M3_S16_r002_adaptive_M08 finished: success
2026-09-27 00:31:46.633831 main_M3_S16_r002_forward_M01 start; resumed=FALSE
2026-09-27 00:31:46.827952 main_M3_S16_r002_forward_M01 sweeps=18 score=-12986.833917 converged=TRUE elapsed=0.19
2026-09-27 00:31:46.842979 main_M3_S16_r002_forward_M01 finished: success
2026-09-27 00:31:46.843116 main_M3_S16_r002_forward_M02 start; resumed=FALSE
2026-09-27 00:32:04.711571 main_M3_S16_r002_forward_M02 sweeps=219 score=-7543.402536 converged=TRUE elapsed=17.83
2026-09-27 00:32:04.713019 main_M3_S16_r002_forward_M02 finished: success
2026-09-27 00:32:04.713753 main_M3_S16_r002_forward_M03 start; resumed=FALSE
2026-09-27 00:32:54.329499 main_M3_S16_r002_forward_M03 sweeps=407 score=-3302.761826 converged=TRUE elapsed=49.56
2026-09-27 00:32:54.331581 main_M3_S16_r002_forward_M03 finished: success
2026-09-27 00:32:54.332081 main_M3_S16_r002_forward_M04 start; resumed=FALSE
2026-09-27 00:33:56.245273 main_M3_S16_r002_forward_M04 sweeps=377 score=-3323.284633 converged=TRUE elapsed=61.84
2026-09-27 00:33:56.254473 main_M3_S16_r002_forward_M04 finished: success
DATASET COMPLETE
                id phase true_M snr replicate   method  status estimated_M ARI
1 main_M3_S16_r002  main      3  16         2 adaptive success           3   1
2 main_M3_S16_r002  main      3  16         2  forward success           3   1
  ordering_recovery matched_ordering_recovery true_ordering_coverage map_groups
1         0.9977530                 0.9977530                      1          3
2         0.9977543                 0.9977543                      1          3
  near_duplicate_orderings constant_orderings elapsed_seconds candidate_count
1                    FALSE                  0         157.023               1
2                    FALSE                  0         129.421               4
  warning_count error
1             0
2             0
