2026-09-27 04:33:32.230228 main_M5_S16_r005_adaptive_M08 start; resumed=FALSE
2026-09-27 04:35:52.865518 main_M5_S16_r005_adaptive_M08 sweeps=426 score=-4432.158175 converged=TRUE elapsed=140.44
2026-09-27 04:35:52.894801 main_M5_S16_r005_adaptive_M08 finished: success
2026-09-27 04:35:52.942779 main_M5_S16_r005_forward_M01 start; resumed=FALSE
2026-09-27 04:35:53.183181 main_M5_S16_r005_forward_M01 sweeps=20 score=-18399.487350 converged=TRUE elapsed=0.24
2026-09-27 04:35:53.196144 main_M5_S16_r005_forward_M01 finished: success
2026-09-27 04:35:53.19627 main_M5_S16_r005_forward_M02 start; resumed=FALSE
2026-09-27 04:36:09.761285 main_M5_S16_r005_forward_M02 sweeps=202 score=-14542.540289 converged=TRUE elapsed=16.53
2026-09-27 04:36:09.763639 main_M5_S16_r005_forward_M02 finished: success
2026-09-27 04:36:09.764464 main_M5_S16_r005_forward_M03 start; resumed=FALSE
2026-09-27 04:36:47.104902 main_M5_S16_r005_forward_M03 sweeps=306 score=-10057.474089 converged=TRUE elapsed=37.29
2026-09-27 04:36:47.110847 main_M5_S16_r005_forward_M03 finished: success
2026-09-27 04:36:47.111265 main_M5_S16_r005_forward_M04 start; resumed=FALSE
2026-09-27 04:37:36.966225 main_M5_S16_r005_forward_M04 sweeps=304 score=-6388.736062 converged=TRUE elapsed=49.79
2026-09-27 04:37:36.968555 main_M5_S16_r005_forward_M04 finished: success
2026-09-27 04:37:36.969001 main_M5_S16_r005_forward_M05 start; resumed=FALSE
2026-09-27 04:39:22.071733 main_M5_S16_r005_forward_M05 sweeps=512 score=-4421.159446 converged=TRUE elapsed=104.94
2026-09-27 04:39:22.0774 main_M5_S16_r005_forward_M05 finished: success
2026-09-27 04:39:22.077912 main_M5_S16_r005_forward_M06 start; resumed=FALSE
2026-09-27 04:41:15.324831 main_M5_S16_r005_forward_M06 sweeps=458 score=-4437.734139 converged=TRUE elapsed=113.13
2026-09-27 04:41:15.328294 main_M5_S16_r005_forward_M06 finished: success
DATASET COMPLETE
                id phase true_M snr replicate   method  status estimated_M ARI
1 main_M5_S16_r005  main      5  16         5 adaptive success           5   1
2 main_M5_S16_r005  main      5  16         5  forward success           5   1
  ordering_recovery matched_ordering_recovery true_ordering_coverage map_groups
1         0.9967694                 0.9967694                      1          5
2         0.9968018                 0.9968018                      1          5
  near_duplicate_orderings constant_orderings elapsed_seconds candidate_count
1                    FALSE                  0         140.438               1
2                    FALSE                  0         321.914               6
  warning_count error
1             0
2             0
