2026-09-27 04:22:02.895097 main_M5_S16_r003_adaptive_M08 start; resumed=FALSE
2026-09-27 04:25:56.433798 main_M5_S16_r003_adaptive_M08 sweeps=710 score=-4496.531574 converged=TRUE elapsed=233.35
2026-09-27 04:25:56.463775 main_M5_S16_r003_adaptive_M08 finished: success
2026-09-27 04:25:56.511888 main_M5_S16_r003_forward_M01 start; resumed=FALSE
2026-09-27 04:25:56.77123 main_M5_S16_r003_forward_M01 sweeps=23 score=-18541.779975 converged=TRUE elapsed=0.25
2026-09-27 04:25:56.786505 main_M5_S16_r003_forward_M01 finished: success
2026-09-27 04:25:56.786643 main_M5_S16_r003_forward_M02 start; resumed=FALSE
2026-09-27 04:26:17.422456 main_M5_S16_r003_forward_M02 sweeps=251 score=-13923.708278 converged=TRUE elapsed=20.60
2026-09-27 04:26:17.424391 main_M5_S16_r003_forward_M02 finished: success
2026-09-27 04:26:17.425179 main_M5_S16_r003_forward_M03 start; resumed=FALSE
2026-09-27 04:27:12.649356 main_M5_S16_r003_forward_M03 sweeps=449 score=-10134.731815 converged=TRUE elapsed=55.17
2026-09-27 04:27:12.655176 main_M5_S16_r003_forward_M03 finished: success
2026-09-27 04:27:12.655684 main_M5_S16_r003_forward_M04 start; resumed=FALSE
2026-09-27 04:28:50.421298 main_M5_S16_r003_forward_M04 sweeps=588 score=-6706.937746 converged=TRUE elapsed=97.69
2026-09-27 04:28:50.428493 main_M5_S16_r003_forward_M04 finished: success
2026-09-27 04:28:50.428967 main_M5_S16_r003_forward_M05 start; resumed=FALSE
2026-09-27 04:30:53.772975 main_M5_S16_r003_forward_M05 sweeps=592 score=-4492.475775 converged=TRUE elapsed=123.21
2026-09-27 04:30:53.776182 main_M5_S16_r003_forward_M05 finished: success
2026-09-27 04:30:53.776599 main_M5_S16_r003_forward_M06 start; resumed=FALSE
2026-09-27 04:33:32.016601 main_M5_S16_r003_forward_M06 sweeps=638 score=-4506.925164 converged=TRUE elapsed=158.06
2026-09-27 04:33:32.021546 main_M5_S16_r003_forward_M06 finished: success
DATASET COMPLETE
                id phase true_M snr replicate   method  status estimated_M ARI
1 main_M5_S16_r003  main      5  16         3 adaptive success           5   1
2 main_M5_S16_r003  main      5  16         3  forward success           5   1
  ordering_recovery matched_ordering_recovery true_ordering_coverage map_groups
1         0.9963251                 0.9963251                      1          5
2         0.9963289                 0.9963289                      1          5
  near_duplicate_orderings constant_orderings elapsed_seconds candidate_count
1                    FALSE                  0         233.351               1
2                    FALSE                  0         454.984               6
  warning_count error
1             0
2             0
