2026-09-27 00:35:37.734256 main_M3_S16_r005_adaptive_M08 start; resumed=FALSE
2026-09-27 00:37:04.442924 main_M3_S16_r005_adaptive_M08 sweeps=276 score=-3890.919022 converged=TRUE elapsed=86.46
2026-09-27 00:37:04.469419 main_M3_S16_r005_adaptive_M08 finished: success
2026-09-27 00:37:04.518879 main_M3_S16_r005_forward_M01 start; resumed=FALSE
2026-09-27 00:37:04.857355 main_M3_S16_r005_forward_M01 sweeps=38 score=-11999.783769 converged=TRUE elapsed=0.33
2026-09-27 00:37:04.870942 main_M3_S16_r005_forward_M01 finished: success
2026-09-27 00:37:04.871074 main_M3_S16_r005_forward_M02 start; resumed=FALSE
2026-09-27 00:37:19.542638 main_M3_S16_r005_forward_M02 sweeps=174 score=-6629.117141 converged=TRUE elapsed=14.55
2026-09-27 00:37:19.547306 main_M3_S16_r005_forward_M02 finished: success
2026-09-27 00:37:19.548145 main_M3_S16_r005_forward_M03 start; resumed=FALSE
2026-09-27 00:37:50.76335 main_M3_S16_r005_forward_M03 sweeps=250 score=-3332.983201 converged=TRUE elapsed=31.15
2026-09-27 00:37:50.768441 main_M3_S16_r005_forward_M03 finished: success
2026-09-27 00:37:50.768896 main_M3_S16_r005_forward_M04 start; resumed=FALSE
2026-09-27 00:38:32.92667 main_M3_S16_r005_forward_M04 sweeps=255 score=-3348.299343 converged=TRUE elapsed=42.08
2026-09-27 00:38:32.930798 main_M3_S16_r005_forward_M04 finished: success
DATASET COMPLETE
                id phase true_M snr replicate   method  status estimated_M
1 main_M3_S16_r005  main      3  16         5 adaptive success           4
2 main_M3_S16_r005  main      3  16         5  forward success           3
        ARI ordering_recovery matched_ordering_recovery true_ordering_coverage
1 0.8643678         0.9972952                 0.9972952                      1
2 1.0000000         0.9980626                 0.9980626                      1
  map_groups near_duplicate_orderings constant_orderings elapsed_seconds
1          4                    FALSE                  0          86.463
2          3                    FALSE                  0          88.113
  candidate_count warning_count error
1               1             0
2               4             0
