2026-09-27 02:25:04.514563 main_M5_S1_r002_adaptive_M08 start; resumed=FALSE
2026-09-27 02:28:10.896857 main_M5_S1_r002_adaptive_M08 sweeps=568 score=-27414.832150 converged=TRUE elapsed=186.21
2026-09-27 02:28:10.930349 main_M5_S1_r002_adaptive_M08 finished: success
2026-09-27 02:28:10.975882 main_M5_S1_r002_forward_M01 start; resumed=FALSE
2026-09-27 02:28:13.158318 main_M5_S1_r002_forward_M01 sweeps=293 score=-29561.897041 converged=TRUE elapsed=2.17
2026-09-27 02:28:13.18272 main_M5_S1_r002_forward_M01 finished: success
2026-09-27 02:28:13.182925 main_M5_S1_r002_forward_M02 start; resumed=FALSE
2026-09-27 02:28:24.11656 main_M5_S1_r002_forward_M02 sweeps=132 score=-28487.116180 converged=TRUE elapsed=10.90
2026-09-27 02:28:24.118096 main_M5_S1_r002_forward_M02 finished: success
2026-09-27 02:28:24.118867 main_M5_S1_r002_forward_M03 start; resumed=FALSE
2026-09-27 02:29:11.552844 main_M5_S1_r002_forward_M03 sweeps=386 score=-28216.813252 converged=TRUE elapsed=47.36
2026-09-27 02:29:11.556107 main_M5_S1_r002_forward_M03 finished: success
2026-09-27 02:29:11.556587 main_M5_S1_r002_forward_M04 start; resumed=FALSE
2026-09-27 02:30:07.721803 main_M5_S1_r002_forward_M04 sweeps=343 score=-27742.039848 converged=TRUE elapsed=56.06
2026-09-27 02:30:07.724195 main_M5_S1_r002_forward_M04 finished: success
2026-09-27 02:30:07.724659 main_M5_S1_r002_forward_M05 start; resumed=FALSE
2026-09-27 02:31:56.562681 main_M5_S1_r002_forward_M05 sweeps=532 score=-27417.816485 converged=TRUE elapsed=108.74
2026-09-27 02:31:56.565404 main_M5_S1_r002_forward_M05 finished: success
2026-09-27 02:31:56.565925 main_M5_S1_r002_forward_M06 start; resumed=FALSE
2026-09-27 02:34:13.86026 main_M5_S1_r002_forward_M06 sweeps=560 score=-27428.616633 converged=TRUE elapsed=137.13
2026-09-27 02:34:13.865327 main_M5_S1_r002_forward_M06 finished: success
DATASET COMPLETE
               id phase true_M snr replicate   method  status estimated_M ARI
1 main_M5_S1_r002  main      5   1         2 adaptive success           5   1
2 main_M5_S1_r002  main      5   1         2  forward success           5   1
  ordering_recovery matched_ordering_recovery true_ordering_coverage map_groups
1         0.9597952                 0.9597952                      1          5
2         0.9597805                 0.9597805                      1          5
  near_duplicate_orderings constant_orderings elapsed_seconds candidate_count
1                    FALSE                  0         186.210               1
2                    FALSE                  0         362.359               6
  warning_count error
1             0
2             0
