2026-09-27 00:06:28.103078 main_M3_S4_r002_adaptive_M08 start; resumed=FALSE
2026-09-27 00:08:39.942374 main_M3_S4_r002_adaptive_M08 sweeps=396 score=-15153.080800 converged=TRUE elapsed=131.63
2026-09-27 00:08:39.969963 main_M3_S4_r002_adaptive_M08 finished: success
2026-09-27 00:08:40.021917 main_M3_S4_r002_forward_M01 start; resumed=FALSE
2026-09-27 00:08:40.455183 main_M3_S4_r002_forward_M01 sweeps=46 score=-19703.329494 converged=TRUE elapsed=0.43
2026-09-27 00:08:40.468281 main_M3_S4_r002_forward_M01 finished: success
2026-09-27 00:08:40.46841 main_M3_S4_r002_forward_M02 start; resumed=FALSE
2026-09-27 00:09:04.084468 main_M3_S4_r002_forward_M02 sweeps=284 score=-16619.500076 converged=TRUE elapsed=23.58
2026-09-27 00:09:04.086361 main_M3_S4_r002_forward_M02 finished: success
2026-09-27 00:09:04.08719 main_M3_S4_r002_forward_M03 start; resumed=FALSE
2026-09-27 00:09:51.0422 main_M3_S4_r002_forward_M03 sweeps=386 score=-15152.691366 converged=TRUE elapsed=46.90
2026-09-27 00:09:51.045775 main_M3_S4_r002_forward_M03 finished: success
2026-09-27 00:09:51.046228 main_M3_S4_r002_forward_M04 start; resumed=FALSE
2026-09-27 00:10:52.217009 main_M3_S4_r002_forward_M04 sweeps=372 score=-15171.901028 converged=TRUE elapsed=61.07
2026-09-27 00:10:52.222821 main_M3_S4_r002_forward_M04 finished: success
DATASET COMPLETE
               id phase true_M snr replicate   method  status estimated_M ARI
1 main_M3_S4_r002  main      3   4         2 adaptive success           3   1
2 main_M3_S4_r002  main      3   4         2  forward success           3   1
  ordering_recovery matched_ordering_recovery true_ordering_coverage map_groups
1         0.9932067                 0.9932067                      1          3
2         0.9931933                 0.9931933                      1          3
  near_duplicate_orderings constant_orderings elapsed_seconds candidate_count
1                    FALSE                  0         131.632               1
2                    FALSE                  0         131.975               4
  warning_count error
1             0
2             0
