2026-09-27 00:02:13.458269 main_M3_S4_r001_adaptive_M08 start; resumed=FALSE
2026-09-27 00:04:11.451658 main_M3_S4_r001_adaptive_M08 sweeps=354 score=-15072.189697 converged=TRUE elapsed=117.82
2026-09-27 00:04:11.674686 main_M3_S4_r001_adaptive_M08 finished: success
2026-09-27 00:04:11.721852 main_M3_S4_r001_forward_M01 start; resumed=FALSE
2026-09-27 00:04:11.939761 main_M3_S4_r001_forward_M01 sweeps=22 score=-19581.151001 converged=TRUE elapsed=0.21
2026-09-27 00:04:11.958006 main_M3_S4_r001_forward_M01 finished: success
2026-09-27 00:04:11.958149 main_M3_S4_r001_forward_M02 start; resumed=FALSE
2026-09-27 00:04:33.049442 main_M3_S4_r001_forward_M02 sweeps=254 score=-16866.948332 converged=TRUE elapsed=21.05
2026-09-27 00:04:33.099013 main_M3_S4_r001_forward_M02 finished: success
2026-09-27 00:04:33.099819 main_M3_S4_r001_forward_M03 start; resumed=FALSE
2026-09-27 00:05:25.619264 main_M3_S4_r001_forward_M03 sweeps=420 score=-15070.703197 converged=TRUE elapsed=52.45
2026-09-27 00:05:25.692841 main_M3_S4_r001_forward_M03 finished: success
2026-09-27 00:05:25.693355 main_M3_S4_r001_forward_M04 start; resumed=FALSE
2026-09-27 00:06:42.19737 main_M3_S4_r001_forward_M04 sweeps=462 score=-15089.307094 converged=TRUE elapsed=76.43
2026-09-27 00:06:42.285395 main_M3_S4_r001_forward_M04 finished: success
DATASET COMPLETE
               id phase true_M snr replicate   method  status estimated_M ARI
1 main_M3_S4_r001  main      3   4         1 adaptive success           3   1
2 main_M3_S4_r001  main      3   4         1  forward success           3   1
  ordering_recovery matched_ordering_recovery true_ordering_coverage map_groups
1         0.9935297                 0.9935297                      1          3
2         0.9935230                 0.9935230                      1          3
  near_duplicate_orderings constant_orderings elapsed_seconds candidate_count
1                    FALSE                  0         117.818               1
2                    FALSE                  0         150.138               4
  warning_count error
1             0
2             0
