* installing *source* package 'princurve' ...
** package 'princurve' successfully unpacked and MD5 sums checked
** using staged installation
** libs
using C++ compiler: 'x86_64-conda-linux-gnu-c++ (conda-forge gcc 13.2.0-6) 13.2.0'
x86_64-conda-linux-gnu-c++ -std=gnu++17 -I"/software/python-anaconda-2022.05-el8-x86_64/lib/R/include" -DNDEBUG  -I'/home/ziangzhang/R/x86_64-conda-linux-gnu-library/4.3/Rcpp/include' -DNDEBUG -D_FORTIFY_SOURCE=2 -O2 -isystem /software/python-anaconda-2022.05-el8-x86_64/include -I/software/python-anaconda-2022.05-el8-x86_64/include -Wl,-rpath-link,/software/python-anaconda-2022.05-el8-x86_64/lib    -fpic  -fvisibility-inlines-hidden  -fmessage-length=0 -march=nocona -mtune=haswell -ftree-vectorize -fPIC -fstack-protector-strong -fno-plt -O2 -ffunction-sections -pipe -isystem /software/python-anaconda-2022.05-el8-x86_64/include -fdebug-prefix-map=/home/conda/feedstock_root/build_artifacts/r-base-split_1714471492496/work=/usr/local/src/conda/r-base-4.3.3 -fdebug-prefix-map=/software/python-anaconda-2022.05-el8-x86_64=/usr/local/src/conda-prefix  -c RcppExports.cpp -o RcppExports.o
x86_64-conda-linux-gnu-c++ -std=gnu++17 -I"/software/python-anaconda-2022.05-el8-x86_64/lib/R/include" -DNDEBUG  -I'/home/ziangzhang/R/x86_64-conda-linux-gnu-library/4.3/Rcpp/include' -DNDEBUG -D_FORTIFY_SOURCE=2 -O2 -isystem /software/python-anaconda-2022.05-el8-x86_64/include -I/software/python-anaconda-2022.05-el8-x86_64/include -Wl,-rpath-link,/software/python-anaconda-2022.05-el8-x86_64/lib    -fpic  -fvisibility-inlines-hidden  -fmessage-length=0 -march=nocona -mtune=haswell -ftree-vectorize -fPIC -fstack-protector-strong -fno-plt -O2 -ffunction-sections -pipe -isystem /software/python-anaconda-2022.05-el8-x86_64/include -fdebug-prefix-map=/home/conda/feedstock_root/build_artifacts/r-base-split_1714471492496/work=/usr/local/src/conda/r-base-4.3.3 -fdebug-prefix-map=/software/python-anaconda-2022.05-el8-x86_64=/usr/local/src/conda-prefix  -c project_to_curve.cpp -o project_to_curve.o
x86_64-conda-linux-gnu-c++ -std=gnu++17 -shared -L/home/ziangzhang/R/r-4.3.3-fixed/lib -Wl,-O2 -Wl,--sort-common -Wl,--as-needed -Wl,-z,relro -Wl,-z,now -Wl,--disable-new-dtags -Wl,--gc-sections -Wl,--allow-shlib-undefined -Wl,-rpath,/software/python-anaconda-2022.05-el8-x86_64/lib -Wl,-rpath-link,/software/python-anaconda-2022.05-el8-x86_64/lib -o princurve.so RcppExports.o project_to_curve.o -L/home/ziangzhang/R/r-4.3.3-fixed/lib -lR
installing to /project/mstephens/ziangzhang/MPCurve/InferOrder/experiments/estimate_intrinsic_m_smooth_v032/library/00LOCK-princurve/00new/princurve/libs
** R
** inst
** byte-compile and prepare package for lazy loading
** help
*** installing help indices
*** copying figures
** building package indices
** testing if installed package can be loaded from temporary location
** checking absolute paths in shared objects and dynamic libraries
** testing if installed package can be loaded from final location
** testing if installed package keeps a record of temporary installation path
* DONE (princurve)
