high_r02 GPLVM Converged 0.7533773344333609 2.29 seconds
low_r02 GPLVM Converged 0.8155043876096904 2.62 seconds
high_r02 BayesianGPLVM Converged 0.7263811595289883 1.75 seconds
low_r03 GPLVM Converged 0.14591914797869948 3.85 seconds
low_r02 BayesianGPLVM Converged 0.8069601740043503 7.56 seconds
high_r03 GPLVM Converged 0.14549313732843322 2.29 seconds
high_r03 BayesianGPLVM Converged 0.14975174379359485 2.65 seconds
low_r04 GPLVM Converged 0.6896047401185029 2.23 seconds
high_r04 GPLVM Converged 0.7136293407335185 2.08 seconds
high_r04 BayesianGPLVM Converged 0.7547918697967451 2.49 seconds
low_r03 BayesianGPLVM Converged 0.17618840471011776 12.26 seconds
low_r05 GPLVM Converged 0.8606795169879247 2.36 seconds
low_r04 BayesianGPLVM Converged 0.6743973599339984 9.7 seconds
high_r05 GPLVM Converged 0.8032520813020327 3.2 seconds
high_r05 BayesianGPLVM Converged 0.8256476411910298 2.86 seconds
low_r06 GPLVM Converged 0.628763219080477 8.39 seconds
high_r06 GPLVM Converged 0.6412330308257708 2.32 seconds
low_r05 BayesianGPLVM Converged 0.8911317782944574 16.05 seconds
low_r07 GPLVM Converged 0.8535288382209557 2.09 seconds
high_r06 BayesianGPLVM Converged 0.6899782494562364 3.55 seconds
high_r07 GPLVM Converged 0.786435160879022 1.27 seconds
high_r07 BayesianGPLVM Converged 0.7737808445211132 3.3 seconds
low_r08 GPLVM Converged 0.716686417160429 2.96 seconds
low_r06 BayesianGPLVM Converged 0.6639720993024827 24.19 seconds
low_r07 BayesianGPLVM Converged 0.7870336758418961 13.34 seconds
high_r08 GPLVM Converged 0.6359678991974801 1.49 seconds
low_r08 BayesianGPLVM Converged 0.7225410635265882 5.83 seconds
high_r08 BayesianGPLVM Converged 0.5940508512712819 2.05 seconds
low_r09 GPLVM Converged 0.43095927398184963 1.99 seconds
high_r09 GPLVM Converged 0.40958223955598894 2.19 seconds
high_r09 BayesianGPLVM Converged 0.4228050701267532 3.49 seconds
low_r10 GPLVM Converged 0.4778084452111303 1.98 seconds
high_r10 GPLVM Converged 0.46752718817970457 1.57 seconds
low_r09 BayesianGPLVM Converged 0.5158043951098777 7.35 seconds
high_r10 BayesianGPLVM Converged 0.518082952073802 1.96 seconds
low_r11 GPLVM Converged 0.7022845571139279 2.02 seconds
high_r11 GPLVM Converged 0.6852561314032852 1.71 seconds
high_r11 BayesianGPLVM Converged 0.730182254556364 3.11 seconds
low_r10 BayesianGPLVM Converged 0.4568199204980125 9.13 seconds
low_r12 GPLVM Converged 0.5525118127953199 3.88 seconds
high_r12 GPLVM Converged 0.5659176479411986 1.43 seconds
high_r12 BayesianGPLVM Converged 0.5427465686642167 2.34 seconds
low_r11 BayesianGPLVM Converged 0.7127608190204756 13.37 seconds
low_r12 BayesianGPLVM Converged 0.4701507537688443 9.51 seconds
high_r13 GPLVM Converged 0.00019650491262281558 2.28 seconds
low_r13 GPLVM Converged 0.016128403210080255 4.34 seconds
high_r13 BayesianGPLVM Converged 0.024474611865296637 2.52 seconds
low_r14 GPLVM Converged 0.8778144453611342 3.87 seconds
low_r13 BayesianGPLVM Converged 0.15817145428635718 8.86 seconds
high_r14 GPLVM Converged 0.8440471011775295 1.89 seconds
high_r14 BayesianGPLVM Converged 0.8609225230630766 1.86 seconds
low_r15 GPLVM Converged 0.4475301882547065 2.21 seconds
high_r15 GPLVM Converged 0.5522298057451437 0.79 seconds
high_r15 BayesianGPLVM Converged 0.5657376434410861 2.09 seconds
low_r14 BayesianGPLVM Converged 0.8602595064876623 9.96 seconds
low_r16 GPLVM Converged 0.16574964374109355 5.01 seconds
low_r15 BayesianGPLVM Converged 0.4777964449111229 10.4 seconds
high_r16 GPLVM Converged 0.21053776344408615 1.97 seconds
high_r16 BayesianGPLVM Converged 0.12703967599189983 2.54 seconds
low_r17 GPLVM Converged 0.17488487212180306 3.05 seconds
high_r17 GPLVM Converged 0.34423010575264384 2.5 seconds
high_r17 BayesianGPLVM Converged 0.3769099227480687 3.27 seconds
low_r17 BayesianGPLVM Converged 0.1365454136353409 8.91 seconds
low_r18 GPLVM Converged 0.6345143628590717 3.58 seconds
low_r16 BayesianGPLVM Converged 0.06502362559063977 18.26 seconds
high_r18 BayesianGPLVM Converged 0.514359858996475 1.77 seconds
high_r18 GPLVM Converged 0.5718337958448961 2.32 seconds
low_r19 GPLVM Converged 0.7115427885697143 3.27 seconds
high_r19 GPLVM Converged 0.45390384759618996 1.09 seconds
high_r19 BayesianGPLVM Converged 0.04232655816395411 1.81 seconds
low_r20 GPLVM Converged 0.8601035025875647 2.26 seconds
low_r18 BayesianGPLVM Converged 0.6042166054151356 17.1 seconds
high_r20 GPLVM Converged 0.8041266031650792 1.56 seconds
low_r20 BayesianGPLVM ErrorABNORMAL_TERMINATION_IN_LNSRCH 0.871431785794645 6.7 seconds
high_r20 BayesianGPLVM Converged 0.8434230855771395 1.56 seconds
low_r19 BayesianGPLVM Converged 0.6952163804095103 17.49 seconds
low_r21 GPLVM Converged 0.818082952073802 2.72 seconds
high_r21 BayesianGPLVM Converged 0.8160429010725269 1.46 seconds
high_r21 GPLVM Converged 0.7721203030075753 2.03 seconds
low_r22 GPLVM Converged 0.7749958748968726 2.91 seconds
high_r22 GPLVM Converged 0.7903442586064653 1.23 seconds
high_r22 BayesianGPLVM Converged 0.7625635640891023 2.5 seconds
low_r21 BayesianGPLVM Converged 0.8862116552913825 9.86 seconds
low_r22 BayesianGPLVM Converged 0.788092702317558 12.07 seconds
low_r23 GPLVM Converged 0.6711362784069603 6.93 seconds
high_r23 GPLVM Converged 0.5653446336158404 1.62 seconds
high_r23 BayesianGPLVM Converged 0.5733803345083628 2.61 seconds
low_r24 GPLVM Converged 0.9410740268506714 2.3 seconds
high_r24 GPLVM Converged 0.8508632715817898 2.0 seconds
high_r24 BayesianGPLVM Converged 0.9306172654316359 2.12 seconds
low_r24 BayesianGPLVM Converged 0.9490692267306684 6.57 seconds
low_r25 GPLVM Converged 0.20078901972549315 3.94 seconds
high_r25 GPLVM Converged 0.1570404260106503 1.97 seconds
high_r25 BayesianGPLVM Converged 0.22652966324158108 3.1 seconds
low_r23 BayesianGPLVM Converged 0.6250101252531314 27.22 seconds
low_r26 GPLVM Converged 0.4750648766219156 5.2 seconds
high_r26 GPLVM Converged 0.385043126078152 1.72 seconds
high_r26 BayesianGPLVM Converged 0.3612240306007651 1.67 seconds
low_r25 BayesianGPLVM Converged 0.22730518262956576 15.64 seconds
low_r26 BayesianGPLVM Converged 0.4640246006150155 9.94 seconds
low_r27 GPLVM Converged 0.4359318982974575 5.92 seconds
high_r27 BayesianGPLVM Converged 0.40257556438910974 2.31 seconds
high_r27 GPLVM Converged 0.46724818120453016 3.44 seconds
low_r28 GPLVM Converged 0.1610935273381835 2.83 seconds
high_r28 GPLVM Converged 0.14904822620565517 1.78 seconds
high_r28 BayesianGPLVM Converged 0.20197254931373285 3.26 seconds
low_r29 GPLVM Converged 0.5825815645391136 2.21 seconds
low_r28 BayesianGPLVM Converged 0.15794644866121654 9.71 seconds
high_r29 GPLVM Converged 0.5314107852696318 1.78 seconds
low_r27 BayesianGPLVM Converged 0.5011685292132304 22.31 seconds
high_r29 BayesianGPLVM Converged 0.47481587039676 2.09 seconds
low_r30 GPLVM Converged 0.27999399984999623 3.43 seconds
high_r30 GPLVM Converged 0.270636765919148 1.63 seconds
high_r30 BayesianGPLVM Converged 0.2760339008475212 2.09 seconds
low_r30 BayesianGPLVM Converged 0.2922298057451437 8.58 seconds
low_r29 BayesianGPLVM Converged 0.49512037800945036 18.32 seconds
