bash: warning: setlocale: LC_ALL: cannot change locale (C.UTF-8)
null device 
          1 
null device 
          1 
 noise        method  n median_rho_p12 median_rho_p50 mean_change median_change
   low           PCA 30      0.6203285      0.6984287  0.11240931   0.087614190
   low       MPCurve 30      0.6115537      0.6932705  0.10962386   0.097477953
   low        PCurve 30      0.5263029      0.4959219  0.02882324  -0.009729742
   low         GPLVM 30      0.6316388      0.6856146  0.11473702   0.091554789
   low BayesianGPLVM 30      0.6146134      0.6989965  0.11908258   0.122811820
  high           PCA 30      0.5521181      0.6945939  0.13188645   0.135349134
  high       MPCurve 30      0.5496025      0.7070031  0.13815666   0.116015680
  high        PCurve 30      0.4946155      0.5681825  0.09500223   0.110304820
  high         GPLVM 30      0.5656311      0.7013455  0.13488317   0.140203255
  high BayesianGPLVM 30      0.5542421      0.6800248  0.14946634   0.138165454
 mcse_change gains_over05 losses_over05 median_seconds_p12 median_seconds_p50
  0.04288330           16             6           0.000000          0.0000000
  0.04343549           17             7           0.118500          0.2645000
  0.06585083           11            14           1.026500          3.3190000
  0.04698756           16             8           2.934139          2.5325899
  0.04874044           17             8           9.948990         15.8369070
  0.04167674           19             4           0.000000          0.0000000
  0.04585664           19             7           0.470000          1.2230000
  0.05874442           17            10           1.131500          2.4190000
  0.04406704           21             7           1.832890          0.6408052
  0.04875788           21             6           2.325332          2.0491368
 median_paired_runtime_ratio converged_p50
                          NA            30
                   2.0280579            30
                   3.1763525            26
                   0.7778447            30
                   1.1803313            29
                          NA            30
                   2.6629537            30
                   2.4018769            26
                   0.3557776            30
                   0.8712740            30
