low_r01 GPLVM Converged 0.9900442511062778 0.94 seconds
high_r01 GPLVM Converged 0.9742188554713869 0.35 seconds
high_r01 BayesianGPLVM Converged 0.9557908947723694 1.64 seconds
low_r02 GPLVM Converged 0.9918307957698943 2.51 seconds
low_r01 BayesianGPLVM Converged 0.9916882922073054 6.77 seconds
high_r02 GPLVM Converged 0.8130818270456762 0.99 seconds
high_r02 BayesianGPLVM Converged 0.9128553213830347 2.0 seconds
low_r02 BayesianGPLVM Converged 0.9733593339833497 6.72 seconds
low_r03 GPLVM Converged 0.6329108227705694 2.48 seconds
high_r03 GPLVM Converged 0.6115652891322284 0.6 seconds
high_r03 BayesianGPLVM Converged 0.629172729318233 2.49 seconds
low_r04 GPLVM Converged 0.26080252006300164 1.47 seconds
low_r04 BayesianGPLVM Converged 0.20606015150378762 6.8 seconds
high_r04 GPLVM Converged 0.18233255831395787 0.53 seconds
high_r04 BayesianGPLVM Converged 0.139447986199655 1.88 seconds
low_r05 GPLVM Converged 0.9372714317857948 1.85 seconds
low_r05 BayesianGPLVM Converged 0.9962529063226581 6.57 seconds
high_r05 GPLVM Converged 0.9323048076201906 0.94 seconds
low_r03 BayesianGPLVM Converged 0.6076231905797645 24.12 seconds
high_r05 BayesianGPLVM Converged 0.9600960024000601 1.74 seconds
low_r06 GPLVM Converged 0.5775114377859447 5.65 seconds
high_r06 GPLVM Converged 0.5724473111827797 1.14 seconds
high_r06 BayesianGPLVM Converged 0.5426085652141305 2.85 seconds
low_r07 GPLVM Converged 0.6478316957923949 3.4 seconds
low_r06 BayesianGPLVM Converged 0.5562799069976749 13.44 seconds
high_r07 GPLVM Converged 0.6480912022800571 0.48 seconds
high_r07 BayesianGPLVM Converged 0.6156603915097878 2.48 seconds
low_r08 GPLVM Converged 0.8232040801020026 0.78 seconds
low_r07 BayesianGPLVM Converged 0.6037095927398185 11.79 seconds
high_r08 GPLVM Converged 0.8675511887797196 0.5 seconds
high_r08 BayesianGPLVM Converged 0.9377259431485788 1.85 seconds
low_r09 GPLVM Converged 0.964254106352659 1.26 seconds
low_r09 BayesianGPLVM Converged 0.9626565664141604 7.33 seconds
high_r09 GPLVM Converged 0.9212660316507914 0.42 seconds
low_r08 BayesianGPLVM Converged 0.7970764269106729 18.62 seconds
high_r09 BayesianGPLVM Converged 0.9615225380634518 2.52 seconds
low_r10 GPLVM Converged 0.8295852396309908 2.31 seconds
high_r10 GPLVM Converged 0.7882127053176331 0.48 seconds
high_r10 BayesianGPLVM Converged 0.9407080177004427 1.47 seconds
low_r11 GPLVM Converged 0.7235910897772444 2.16 seconds
low_r10 BayesianGPLVM ErrorABNORMAL_TERMINATION_IN_LNSRCH 0.9533443336083403 11.42 seconds
high_r11 GPLVM Converged 0.7428935723393086 0.51 seconds
high_r11 BayesianGPLVM Converged 0.7342578564464113 1.8 seconds
low_r12 GPLVM Converged 0.30142053551338793 5.22 seconds
low_r11 BayesianGPLVM Converged 0.7363414085352135 20.68 seconds
high_r12 GPLVM Converged 0.33477236930923276 1.37 seconds
high_r12 BayesianGPLVM Converged 0.5130353258831472 2.19 seconds
low_r13 GPLVM Converged 0.350206255156379 1.38 seconds
low_r13 BayesianGPLVM Converged 0.3323933098327459 17.82 seconds
high_r13 GPLVM Converged 0.2468116702917573 0.6 seconds
high_r13 BayesianGPLVM Converged 0.24811670291757298 1.63 seconds
low_r14 GPLVM Converged 0.7701357533938349 2.56 seconds
low_r12 BayesianGPLVM Converged 0.2970149253731344 33.71 seconds
high_r14 GPLVM Converged 0.7758628965724145 0.66 seconds
high_r14 BayesianGPLVM Converged 0.7986889672241807 2.25 seconds
low_r15 GPLVM Converged 0.6935153378834472 3.77 seconds
low_r14 BayesianGPLVM Converged 0.81159978999475 11.14 seconds
high_r15 GPLVM Converged 0.7035835895897398 0.76 seconds
high_r15 BayesianGPLVM Converged 0.7076201905047627 2.74 seconds
low_r16 GPLVM Converged 0.6888172204305109 3.76 seconds
low_r15 BayesianGPLVM Converged 0.7131508287707193 25.67 seconds
high_r16 GPLVM Converged 0.6856326408160206 0.78 seconds
high_r16 BayesianGPLVM Converged 0.6766504162604067 2.41 seconds
low_r17 GPLVM Converged 0.7857856446411162 2.14 seconds
low_r16 BayesianGPLVM Converged 0.6848421210530266 22.69 seconds
high_r17 GPLVM Converged 0.7919762994074854 1.04 seconds
high_r17 BayesianGPLVM Converged 0.6824120603015077 1.85 seconds
low_r18 GPLVM Converged 0.674886372159304 3.91 seconds
low_r17 BayesianGPLVM Converged 0.7939953498837473 23.31 seconds
low_r18 BayesianGPLVM Converged 0.7718442961074029 13.58 seconds
high_r18 GPLVM Converged 0.7778309457736443 0.45 seconds
high_r18 BayesianGPLVM Converged 0.7847131178279457 1.74 seconds
low_r19 GPLVM Converged 0.6824120603015077 3.82 seconds
high_r19 GPLVM Converged 0.6495672391809797 1.25 seconds
high_r19 BayesianGPLVM Converged 0.6526528163204082 2.4 seconds
low_r20 GPLVM Converged 0.6797599939998502 4.08 seconds
low_r19 BayesianGPLVM Converged 0.6713147828695718 19.52 seconds
high_r20 GPLVM Converged 0.6497637440936025 0.78 seconds
high_r20 BayesianGPLVM Converged 0.5540193504837622 2.25 seconds
low_r21 GPLVM Converged 0.718034950873772 3.27 seconds
low_r20 BayesianGPLVM Converged 0.6652351308782721 30.08 seconds
high_r21 GPLVM Converged 0.783241581039526 0.63 seconds
high_r21 BayesianGPLVM Converged 0.890785269631741 1.69 seconds
low_r22 GPLVM Converged 0.6579029475736894 2.83 seconds
low_r22 BayesianGPLVM Converged 0.6098282457061428 11.33 seconds
high_r22 GPLVM Converged 0.683867096677417 0.46 seconds
high_r22 BayesianGPLVM Converged 0.646510162754069 1.74 seconds
low_r21 BayesianGPLVM Converged 0.7804740118502964 35.05 seconds
low_r23 GPLVM Converged 0.6599024975624391 2.93 seconds
high_r23 GPLVM Converged 0.6799924998124953 0.59 seconds
high_r23 BayesianGPLVM Converged 0.6776374409360235 1.99 seconds
low_r24 GPLVM Converged 0.9021930548263707 2.02 seconds
low_r24 BayesianGPLVM Converged 0.8267306682667067 11.77 seconds
high_r24 GPLVM Converged 0.9610170254256358 0.53 seconds
high_r24 BayesianGPLVM Converged 0.9761719042976076 1.78 seconds
low_r23 BayesianGPLVM Converged 0.6529693242331059 20.75 seconds
low_r25 GPLVM Converged 0.664777619440486 1.93 seconds
high_r25 GPLVM Converged 0.6991074776869423 0.93 seconds
high_r25 BayesianGPLVM Converged 0.5854916372909325 2.1 seconds
low_r26 GPLVM Converged 0.7373074326858173 3.94 seconds
low_r26 BayesianGPLVM Converged 0.749751743793595 9.63 seconds
high_r26 GPLVM Converged 0.7263946598664969 0.5 seconds
high_r26 BayesianGPLVM Converged 0.7707237680942025 2.19 seconds
low_r27 GPLVM Converged 0.6685637140928524 2.46 seconds
low_r25 BayesianGPLVM Converged 0.650590264756619 28.79 seconds
high_r27 GPLVM Converged 0.5726918172954324 1.2 seconds
high_r27 BayesianGPLVM Converged 0.5110087752193805 2.59 seconds
low_r28 GPLVM Converged 0.35539038475961904 2.19 seconds
low_r27 BayesianGPLVM Converged 0.6416710417760445 18.13 seconds
high_r28 GPLVM Converged 0.3600405010125253 0.86 seconds
high_r28 BayesianGPLVM Converged 0.36941723543088584 2.4 seconds
low_r29 GPLVM Converged 0.773518337958449 2.74 seconds
low_r28 BayesianGPLVM Converged 0.3735438385959649 13.41 seconds
high_r29 GPLVM Converged 0.77222380559514 0.69 seconds
high_r29 BayesianGPLVM Converged 0.710396759918998 3.6 seconds
low_r30 GPLVM Converged 0.23528988224705621 4.75 seconds
low_r29 BayesianGPLVM Converged 0.8609060226505664 17.05 seconds
high_r30 GPLVM Converged 0.24959273981849547 0.72 seconds
high_r30 BayesianGPLVM Converged 0.33422335558388966 1.49 seconds
low_r30 BayesianGPLVM Converged 0.26756768919222984 14.63 seconds
