bash: warning: setlocale: LC_ALL: cannot change locale (C.UTF-8)
low_r01 MPCurve converged 0.9478975 0.443 seconds
low_r01 PCurve converged 0.9997015 2.49 seconds
high_r01 MPCurve converged 0.981071 1.184 seconds
high_r01 PCurve converged 0.9963067 1.64 seconds
low_r02 MPCurve converged 0.8968172 0.499 seconds
low_r02 PCurve converged 0.9996494 2.322 seconds
high_r02 MPCurve converged 0.8941622 0.986 seconds
high_r02 PCurve converged 0.7635519 2.436 seconds
low_r03 MPCurve converged 0.6250866 0.21 seconds
low_r03 PCurve converged 0.2847153 3.461 seconds
high_r03 MPCurve converged 0.6268537 1.441 seconds
high_r03 PCurve converged 0.3850646 1.823 seconds
low_r04 MPCurve converged 0.2809999 0.412 seconds
low_r04 PCurve converged 0.1394598 2.262 seconds
high_r04 MPCurve converged 0.281197 1.597 seconds
high_r04 PCurve converged 0.002126639 2.012 seconds
low_r05 MPCurve converged 0.9258023 0.979 seconds
low_r05 PCurve iteration limit 0.9995233 58.161 seconds
high_r05 MPCurve converged 0.9560433 1.217 seconds
high_r05 PCurve converged 0.9952831 2.871 seconds
low_r06 MPCurve converged 0.5688404 0.205 seconds
low_r06 PCurve converged 0.4798367 2.454 seconds
high_r06 MPCurve converged 0.5422531 1.044 seconds
high_r06 PCurve converged 0.8418919 5.572 seconds
low_r07 MPCurve converged 0.6740283 0.231 seconds
low_r07 PCurve converged 0.4673519 2.057 seconds
high_r07 MPCurve converged 0.6927368 1.524 seconds
high_r07 PCurve converged 0.6012667 1.917 seconds
low_r08 MPCurve converged 0.7796231 0.164 seconds
low_r08 PCurve converged 0.9021879 3.137 seconds
high_r08 MPCurve converged 0.8262982 1.323 seconds
high_r08 PCurve converged 0.8755619 2.402 seconds
low_r09 MPCurve converged 0.8897643 0.483 seconds
low_r09 PCurve converged 0.9996298 2.905 seconds
high_r09 MPCurve converged 0.9458336 0.858 seconds
high_r09 PCurve iteration limit 0.9614648 56.741 seconds
low_r10 MPCurve converged 0.7727921 0.724 seconds
low_r10 PCurve converged 0.9531025 4.063 seconds
high_r10 MPCurve converged 0.7705288 1.559 seconds
high_r10 PCurve converged 0.9513767 2.123 seconds
low_r11 MPCurve converged 0.6900783 0.826 seconds
low_r11 PCurve converged 0.3985256 3.804 seconds
high_r11 MPCurve converged 0.7035086 1.903 seconds
high_r11 PCurve converged 0.4766102 1.832 seconds
low_r12 MPCurve converged 0.2817038 0.199 seconds
low_r12 PCurve converged 0.09141246 24.776 seconds
high_r12 MPCurve converged 0.319142 1.229 seconds
high_r12 PCurve converged 0.05074129 3.455 seconds
low_r13 MPCurve converged 0.3432794 0.199 seconds
low_r13 PCurve converged 0.163399 5.233 seconds
high_r13 MPCurve converged 0.3805895 1.066 seconds
high_r13 PCurve converged 0.2383136 1.435 seconds
low_r14 MPCurve converged 0.7918577 0.26 seconds
low_r14 PCurve converged 0.7666172 2.063 seconds
high_r14 MPCurve converged 0.8188838 1.178 seconds
high_r14 PCurve converged 0.7724275 1.319 seconds
low_r15 MPCurve converged 0.684152 0.244 seconds
low_r15 PCurve converged 0.4360272 5.885 seconds
high_r15 MPCurve converged 0.7095196 1.278 seconds
high_r15 PCurve converged 0.4548767 3.174 seconds
