bash: warning: setlocale: LC_ALL: cannot change locale (C.UTF-8)
null device 
          1 
null device 
          1 
null device 
          1 
null device 
          1 
 noise        method  n valid converged median_rho  mean_rho       q25
   low           PCA 30    30        30  0.6984287 0.6585254 0.6050581
   low       MPCurve 30    30        30  0.6932705 0.6650236 0.6174251
   low        PCurve 30    30        26  0.4959219 0.5821701 0.2983150
   low         GPLVM 30    30        30  0.6856146 0.6792886 0.6503495
   low BayesianGPLVM 30    30        29  0.6989965 0.6846605 0.6081745
  high           PCA 30    30        30  0.6945939 0.6477314 0.5774057
  high       MPCurve 30    30        30  0.7070031 0.6827035 0.6286218
  high        PCurve 30    30        26  0.5681825 0.6256316 0.4560576
  high         GPLVM 30    30        30  0.7013455 0.6719312 0.6206968
  high BayesianGPLVM 30    30        30  0.6800248 0.6806707 0.5618874
       q75 median_tau  median_gain improved worsened recovery95 median_seconds
 0.7670112  0.4508543  0.000000000        0        0          0      0.0000000
 0.7779153  0.4673080  0.009935622        0        0          0      0.2645000
 0.9878739  0.3828192 -0.098515719       11       16          9      3.3190000
 0.7827188  0.4448241  0.021512788        5        1          3      2.5325899
 0.8079689  0.4367337  0.020030751       10        3          5     15.8369070
 0.7545087  0.4613065  0.000000000        0        0          0      0.0000000
 0.7701575  0.4978392  0.040279007       10        2          2      1.2230000
 0.9451769  0.4194728 -0.059202522       13       16          8      2.4190000
 0.7869699  0.4759799  0.031712293       10        3          2      0.6408052
 0.8677612  0.4855779  0.026822171       12        7          4      2.0491368
 noise        method  n   mean_delta  median_delta        mcse wins
  high BayesianGPLVM 30 -0.002032806 -0.0007719747 0.017543481   15
   low BayesianGPLVM 30  0.019636951  0.0185976967 0.011078996   19
  high         GPLVM 30 -0.010772325 -0.0089102228 0.010156852   13
   low         GPLVM 30  0.014265016  0.0090172088 0.006523061   20
  high        PCurve 30 -0.057071903 -0.0995306014 0.037973492   13
   low        PCurve 30 -0.082853492 -0.1124745444 0.043203117   12
